Component: Arm Compiler for Embedded 6.23 Tool: armlink [5f102400]

==============================================================================

Section Cross References

    startup_stm32u575xx.o(STACK) refers (Special) to heapauxi.o(.text) for __use_two_region_memory
    startup_stm32u575xx.o(HEAP) refers (Special) to heapauxi.o(.text) for __use_two_region_memory
    startup_stm32u575xx.o(RESET) refers (Special) to heapauxi.o(.text) for __use_two_region_memory
    startup_stm32u575xx.o(RESET) refers to startup_stm32u575xx.o(STACK) for __initial_sp
    startup_stm32u575xx.o(RESET) refers to startup_stm32u575xx.o(.text) for Reset_Handler
    startup_stm32u575xx.o(RESET) refers to stm32u5xx_it.o(.text.NMI_Handler) for NMI_Handler
    startup_stm32u575xx.o(RESET) refers to stm32u5xx_it.o(.text.HardFault_Handler) for HardFault_Handler
    startup_stm32u575xx.o(RESET) refers to stm32u5xx_it.o(.text.MemManage_Handler) for MemManage_Handler
    startup_stm32u575xx.o(RESET) refers to stm32u5xx_it.o(.text.BusFault_Handler) for BusFault_Handler
    startup_stm32u575xx.o(RESET) refers to stm32u5xx_it.o(.text.UsageFault_Handler) for UsageFault_Handler
    startup_stm32u575xx.o(RESET) refers to stm32u5xx_it.o(.text.SVC_Handler) for SVC_Handler
    startup_stm32u575xx.o(RESET) refers to stm32u5xx_it.o(.text.DebugMon_Handler) for DebugMon_Handler
    startup_stm32u575xx.o(RESET) refers to stm32u5xx_it.o(.text.PendSV_Handler) for PendSV_Handler
    startup_stm32u575xx.o(RESET) refers to stm32u5xx_it.o(.text.SysTick_Handler) for SysTick_Handler
    startup_stm32u575xx.o(RESET) refers to stm32u5xx_it.o(.text.EXTI12_IRQHandler) for EXTI12_IRQHandler
    startup_stm32u575xx.o(RESET) refers to stm32u5xx_it.o(.text.GPDMA1_Channel0_IRQHandler) for GPDMA1_Channel0_IRQHandler
    startup_stm32u575xx.o(RESET) refers to stm32u5xx_it.o(.text.GPDMA1_Channel1_IRQHandler) for GPDMA1_Channel1_IRQHandler
    startup_stm32u575xx.o(RESET) refers to stm32u5xx_it.o(.text.USART1_IRQHandler) for USART1_IRQHandler
    startup_stm32u575xx.o(RESET) refers to stm32u5xx_it.o(.text.USART3_IRQHandler) for USART3_IRQHandler
    startup_stm32u575xx.o(.text) refers (Special) to heapauxi.o(.text) for __use_two_region_memory
    startup_stm32u575xx.o(.text) refers to system_stm32u5xx.o(.text.SystemInit) for SystemInit
    startup_stm32u575xx.o(.text) refers to __main.o(!!!main) for __main
    startup_stm32u575xx.o(.text) refers to startup_stm32u575xx.o(HEAP) for Heap_Mem
    startup_stm32u575xx.o(.text) refers to startup_stm32u575xx.o(STACK) for Stack_Mem
    useservo.o(.text.stop) refers to stm32u5xx_hal.o(.text.HAL_Delay) for HAL_Delay
    useservo.o(.text.stop) refers to servo.o(.text.Servo_Angle1) for Servo_Angle1
    useservo.o(.text.stop) refers to servo.o(.text.Servo_Angle2) for Servo_Angle2
    useservo.o(.text.stop) refers to servo.o(.text.Servo_Angle3) for Servo_Angle3
    useservo.o(.text.stop) refers to servo.o(.text.Servo_Angle4) for Servo_Angle4
    useservo.o(.ARM.exidx.text.stop) refers to useservo.o(.text.stop) for [Anonymous Symbol]
    useservo.o(.text.stand) refers to servo.o(.text.Servo_Angle1) for Servo_Angle1
    useservo.o(.text.stand) refers to servo.o(.text.Servo_Angle2) for Servo_Angle2
    useservo.o(.text.stand) refers to servo.o(.text.Servo_Angle3) for Servo_Angle3
    useservo.o(.text.stand) refers to servo.o(.text.Servo_Angle4) for Servo_Angle4
    useservo.o(.ARM.exidx.text.stand) refers to useservo.o(.text.stand) for [Anonymous Symbol]
    useservo.o(.text.move0) refers to useservo.o(.data.state) for state
    useservo.o(.text.move0) refers to stm32u5xx_hal.o(.text.HAL_Delay) for HAL_Delay
    useservo.o(.text.move0) refers to servo.o(.text.Servo_Angle1) for Servo_Angle1
    useservo.o(.text.move0) refers to servo.o(.text.Servo_Angle2) for Servo_Angle2
    useservo.o(.text.move0) refers to servo.o(.text.Servo_Angle3) for Servo_Angle3
    useservo.o(.text.move0) refers to servo.o(.text.Servo_Angle4) for Servo_Angle4
    useservo.o(.ARM.exidx.text.move0) refers to useservo.o(.text.move0) for [Anonymous Symbol]
    useservo.o(.text.move1) refers to stm32u5xx_hal.o(.text.HAL_Delay) for HAL_Delay
    useservo.o(.text.move1) refers to servo.o(.text.Servo_Angle1) for Servo_Angle1
    useservo.o(.text.move1) refers to servo.o(.text.Servo_Angle2) for Servo_Angle2
    useservo.o(.text.move1) refers to servo.o(.text.Servo_Angle3) for Servo_Angle3
    useservo.o(.text.move1) refers to servo.o(.text.Servo_Angle4) for Servo_Angle4
    useservo.o(.ARM.exidx.text.move1) refers to useservo.o(.text.move1) for [Anonymous Symbol]
    useservo.o(.text.move2) refers to stm32u5xx_hal.o(.text.HAL_Delay) for HAL_Delay
    useservo.o(.text.move2) refers to servo.o(.text.Servo_Angle1) for Servo_Angle1
    useservo.o(.text.move2) refers to servo.o(.text.Servo_Angle2) for Servo_Angle2
    useservo.o(.text.move2) refers to servo.o(.text.Servo_Angle3) for Servo_Angle3
[...]
    .ARM.Collect$$libinit$$00000013          0x080002de   Section        0  libinit2.o(.ARM.Collect$$libinit$$00000013)
    .ARM.Collect$$libinit$$00000015          0x080002de   Section        0  libinit2.o(.ARM.Collect$$libinit$$00000015)
    .ARM.Collect$$libinit$$00000017          0x080002de   Section        0  libinit2.o(.ARM.Collect$$libinit$$00000017)
    .ARM.Collect$$libinit$$00000019          0x080002de   Section        0  libinit2.o(.ARM.Collect$$libinit$$00000019)
    .ARM.Collect$$libinit$$0000001B          0x080002de   Section        0  libinit2.o(.ARM.Collect$$libinit$$0000001B)
    .ARM.Collect$$libinit$$0000001D          0x080002de   Section        0  libinit2.o(.ARM.Collect$$libinit$$0000001D)
    .ARM.Collect$$libinit$$0000001F          0x080002de   Section        0  libinit2.o(.ARM.Collect$$libinit$$0000001F)
    .ARM.Collect$$libinit$$00000021          0x080002de   Section        0  libinit2.o(.ARM.Collect$$libinit$$00000021)
    .ARM.Collect$$libinit$$00000023          0x080002de   Section        0  libinit2.o(.ARM.Collect$$libinit$$00000023)
    .ARM.Collect$$libinit$$00000025          0x080002de   Section        0  libinit2.o(.ARM.Collect$$libinit$$00000025)
    .ARM.Collect$$libinit$$00000027          0x080002de   Section        0  libinit2.o(.ARM.Collect$$libinit$$00000027)
    .ARM.Collect$$libinit$$0000002E          0x080002de   Section        0  libinit2.o(.ARM.Collect$$libinit$$0000002E)
    .ARM.Collect$$libinit$$00000030          0x080002de   Section        0  libinit2.o(.ARM.Collect$$libinit$$00000030)
    .ARM.Collect$$libinit$$00000032          0x080002de   Section        0  libinit2.o(.ARM.Collect$$libinit$$00000032)
    .ARM.Collect$$libinit$$00000034          0x080002de   Section        0  libinit2.o(.ARM.Collect$$libinit$$00000034)
    .ARM.Collect$$libinit$$00000035          0x080002de   Section        2  libinit2.o(.ARM.Collect$$libinit$$00000035)
    .ARM.Collect$$libshutdown$$00000000      0x080002e0   Section        2  libshutdown.o(.ARM.Collect$$libshutdown$$00000000)
    .ARM.Collect$$libshutdown$$00000002      0x080002e2   Section        0  libshutdown2.o(.ARM.Collect$$libshutdown$$00000002)
    .ARM.Collect$$libshutdown$$00000004      0x080002e2   Section        0  libshutdown2.o(.ARM.Collect$$libshutdown$$00000004)
    .ARM.Collect$$libshutdown$$00000007      0x080002e2   Section        0  libshutdown2.o(.ARM.Collect$$libshutdown$$00000007)
    .ARM.Collect$$libshutdown$$0000000A      0x080002e2   Section        0  libshutdown2.o(.ARM.Collect$$libshutdown$$0000000A)
    .ARM.Collect$$libshutdown$$0000000C      0x080002e2   Section        0  libshutdown2.o(.ARM.Collect$$libshutdown$$0000000C)
    .ARM.Collect$$libshutdown$$0000000F      0x080002e2   Section        0  libshutdown2.o(.ARM.Collect$$libshutdown$$0000000F)
    .ARM.Collect$$libshutdown$$00000010      0x080002e2   Section        2  libshutdown2.o(.ARM.Collect$$libshutdown$$00000010)
    .ARM.Collect$$rtentry$$00000000          0x080002e4   Section        0  __rtentry.o(.ARM.Collect$$rtentry$$00000000)
    .ARM.Collect$$rtentry$$00000002          0x080002e4   Section        0  __rtentry2.o(.ARM.Collect$$rtentry$$00000002)
    .ARM.Collect$$rtentry$$00000004          0x080002e4   Section        6  __rtentry4.o(.ARM.Collect$$rtentry$$00000004)
    .ARM.Collect$$rtentry$$00000009          0x080002ea   Section        0  __rtentry2.o(.ARM.Collect$$rtentry$$00000009)
    .ARM.Collect$$rtentry$$0000000A          0x080002ea   Section        4  __rtentry2.o(.ARM.Collect$$rtentry$$0000000A)
    .ARM.Collect$$rtentry$$0000000C          0x080002ee   Section        0  __rtentry2.o(.ARM.Collect$$rtentry$$0000000C)
    .ARM.Collect$$rtentry$$0000000D          0x080002ee   Section        8  __rtentry2.o(.ARM.Collect$$rtentry$$0000000D)
    .ARM.Collect$$rtexit$$00000000           0x080002f6   Section        2  rtexit.o(.ARM.Collect$$rtexit$$00000000)
    .ARM.Collect$$rtexit$$00000002           0x080002f8   Section        0  rtexit2.o(.ARM.Collect$$rtexit$$00000002)
    .ARM.Collect$$rtexit$$00000003           0x080002f8   Section        4  rtexit2.o(.ARM.Collect$$rtexit$$00000003)
    .ARM.Collect$$rtexit$$00000004           0x080002fc   Section        6  rtexit2.o(.ARM.Collect$$rtexit$$00000004)
    $v0                                      0x08000304   Number         0  startup_stm32u575xx.o(.text)
    .text                                    0x08000304   Section       68  startup_stm32u575xx.o(.text)
    .text                                    0x08000348   Section      240  lludivv7m.o(.text)
    .text                                    0x08000438   Section        0  memcmp.o(.text)
    .text                                    0x08000490   Section       78  rt_memclr_w.o(.text)
    .text                                    0x080004de   Section        0  heapauxi.o(.text)
    .text                                    0x080004e4   Section       74  sys_stackheap_outer.o(.text)
    .text                                    0x0800052e   Section        0  exit.o(.text)
    .text                                    0x08000540   Section        8  libspace.o(.text)
    .text                                    0x08000548   Section        0  sys_exit.o(.text)
    .text                                    0x08000554   Section        2  use_no_semi.o(.text)
    .text                                    0x08000556   Section        0  indicate_semi.o(.text)
    [Anonymous Symbol]                       0x08000558   Section        0  stm32u5xx_it.o(.text.BusFault_Handler)
    [Anonymous Symbol]                       0x0800055c   Section        0  stm32u5xx_it.o(.text.DebugMon_Handler)
    [Anonymous Symbol]                       0x08000560   Section        0  stm32u5xx_it.o(.text.EXTI12_IRQHandler)
    [Anonymous Symbol]                       0x08000568   Section        0  main.o(.text.Error_Handler)
    [Anonymous Symbol]                       0x08000570   Section        0  stm32u5xx_it.o(.text.GPDMA1_Channel0_IRQHandler)
    [Anonymous Symbol]                       0x0800057c   Section        0  stm32u5xx_it.o(.text.GPDMA1_Channel1_IRQHandler)
    [Anonymous Symbol]                       0x08000588   Section        0  stm32u5xx_hal_dma_ex.o(.text.HAL_DMAEx_List_Start_IT)
    [Anonymous Symbol]                       0x08000650   Section        0  stm32u5xx_hal_dma.o(.text.HAL_DMA_Abort)
    [Anonymous Symbol]                       0x080006f8   Section        0  stm32u5xx_hal_dma.o(.text.HAL_DMA_Abort_IT)
    [Anonymous Symbol]                       0x08000720   Section        0  stm32u5xx_hal_dma.o(.text.HAL_DMA_ConfigChannelAttributes)
    [Anonymous Symbol]                       0x0800075c   Section        0  stm32u5xx_hal_dma.o(.text.HAL_DMA_IRQHandler)
    [Anonymous Symbol]                       0x08000904   Section        0  stm32u5xx_hal_dma.o(.text.HAL_DMA_Init)
    [Anonymous Symbol]                       0x08000ea0   Section        0  stm32u5xx_hal_dma.o(.text.HAL_DMA_Start_IT)
    [Anonymous Symbol]                       0x08000f48   Section        0  stm32u5xx_hal.o(.text.HAL_Delay)
    [Anonymous Symbol]                       0x08000f70   Section        0  stm32u5xx_hal_gpio.o(.text.HAL_GPIO_EXTI_Falling_Callback)
    [Anonymous Symbol]                       0x08000f74   Section        0  stm32u5xx_hal_gpio.o(.text.HAL_GPIO_EXTI_IRQHandler)
    [Anonymous Symbol]                       0x08000fa4   Section        0  stm32u5xx_hal_gpio.o(.text.HAL_GPIO_EXTI_Rising_Callback)
    [Anonymous Symbol]                       0x08000fa8   Section        0  stm32u5xx_hal_gpio.o(.text.HAL_GPIO_Init)
    [Anonymous Symbol]                       0x080011ec   Section        0  stm32u5xx_hal_gpio.o(.text.HAL_GPIO_WritePin)
    [Anonymous Symbol]                       0x080011f8   Section        0  stm32u5xx_hal.o(.text.HAL_GetTick)
    [Anonymous Symbol]                       0x08001204   Section        0  stm32u5xx_hal_icache.o(.text.HAL_ICACHE_ConfigAssociativityMode)
    [Anonymous Symbol]                       0x08001224   Section        0  stm32u5xx_hal_icache.o(.text.HAL_ICACHE_Enable)
    [Anonymous Symbol]                       0x08001238   Section        0  stm32u5xx_hal.o(.text.HAL_IncTick)
    [Anonymous Symbol]                       0x08001254   Section        0  stm32u5xx_hal.o(.text.HAL_Init)
    [Anonymous Symbol]                       0x080012b0   Section        0  stm32u5xx_hal.o(.text.HAL_InitTick)
    [Anonymous Symbol]                       0x08001358   Section        0  stm32u5xx_hal_msp.o(.text.HAL_MspInit)
    [Anonymous Symbol]                       0x08001378   Section        0  stm32u5xx_hal_cortex.o(.text.HAL_NVIC_EnableIRQ)
    [Anonymous Symbol]                       0x0800139c   Section        0  stm32u5xx_hal_cortex.o(.text.HAL_NVIC_SetPriority)
    [Anonymous Symbol]                       0x080013f4   Section        0  stm32u5xx_hal_cortex.o(.text.HAL_NVIC_SetPriorityGrouping)
    [Anonymous Symbol]                       0x08001414   Section        0  stm32u5xx_hal_pwr_ex.o(.text.HAL_PWREx_ControlVoltageScaling)
    [Anonymous Symbol]                       0x08001510   Section        0  stm32u5xx_hal_pwr_ex.o(.text.HAL_PWREx_DisableUCPDDeadBattery)
    [Anonymous Symbol]                       0x08001524   Section        0  stm32u5xx_hal_pwr_ex.o(.text.HAL_PWREx_GetVoltageRange)
    [Anonymous Symbol]                       0x08001534   Section        0  stm32u5xx_hal_rcc_ex.o(.text.HAL_RCCEx_GetPLL1ClockFreq)
    [Anonymous Symbol]                       0x080016b8   Section        0  stm32u5xx_hal_rcc_ex.o(.text.HAL_RCCEx_GetPLL2ClockFreq)
    [Anonymous Symbol]                       0x0800183c   Section        0  stm32u5xx_hal_rcc_ex.o(.text.HAL_RCCEx_GetPLL3ClockFreq)
    [Anonymous Symbol]                       0x080019c0   Section        0  stm32u5xx_hal_rcc_ex.o(.text.HAL_RCCEx_GetPeriphCLKFreq)
    [Anonymous Symbol]                       0x080022a8   Section        0  stm32u5xx_hal_rcc_ex.o(.text.HAL_RCCEx_PeriphCLKConfig)
    [Anonymous Symbol]                       0x0800285c   Section        0  stm32u5xx_hal_rcc.o(.text.HAL_RCC_ClockConfig)
    [Anonymous Symbol]                       0x08002b58   Section        0  stm32u5xx_hal_rcc.o(.text.HAL_RCC_GetHCLKFreq)
    [Anonymous Symbol]                       0x08002b84   Section        0  stm32u5xx_hal_rcc.o(.text.HAL_RCC_GetPCLK1Freq)
    [Anonymous Symbol]                       0x08002bc4   Section        0  stm32u5xx_hal_rcc.o(.text.HAL_RCC_GetPCLK2Freq)
    [Anonymous Symbol]                       0x08002c04   Section        0  stm32u5xx_hal_rcc.o(.text.HAL_RCC_GetPCLK3Freq)
    [Anonymous Symbol]                       0x08002c44   Section        0  stm32u5xx_hal_rcc.o(.text.HAL_RCC_GetSysClockFreq)
    [Anonymous Symbol]                       0x08002d4c   Section        0  stm32u5xx_hal_rcc.o(.text.HAL_RCC_OscConfig)
    [Anonymous Symbol]                       0x080038c4   Section        0  stm32u5xx_hal_cortex.o(.text.HAL_SYSTICK_CLKSourceConfig)
    [Anonymous Symbol]                       0x0800393c   Section        0  stm32u5xx_hal_cortex.o(.text.HAL_SYSTICK_Config)
    [Anonymous Symbol]                       0x08003960   Section        0  stm32u5xx_hal_cortex.o(.text.HAL_SYSTICK_GetCLKSourceConfig)
    [Anonymous Symbol]                       0x08003998   Section        0  stm32u5xx_hal_tim_ex.o(.text.HAL_TIMEx_ConfigBreakDeadTime)
    [Anonymous Symbol]                       0x08003a84   Section        0  stm32u5xx_hal_tim_ex.o(.text.HAL_TIMEx_MasterConfigSynchronization)
    [Anonymous Symbol]                       0x08003be4   Section        0  stm32u5xx_hal_tim.o(.text.HAL_TIM_PWM_ConfigChannel)
    [Anonymous Symbol]                       0x08003e98   Section        0  stm32u5xx_hal_tim.o(.text.HAL_TIM_PWM_Init)
    [Anonymous Symbol]                       0x08003efc   Section        0  tim.o(.text.HAL_TIM_PWM_MspInit)
    [Anonymous Symbol]                       0x08003f58   Section        0  stm32u5xx_hal_tim.o(.text.HAL_TIM_PWM_Start)
    [Anonymous Symbol]                       0x080041ac   Section        0  stm32u5xx_hal_uart_ex.o(.text.HAL_UARTEx_DisableFifoMode)
    [Anonymous Symbol]                       0x080041e4   Section        0  stm32u5xx_hal_uart_ex.o(.text.HAL_UARTEx_ReceiveToIdle_DMA)
    [Anonymous Symbol]                       0x08004278   Section        0  main.o(.text.HAL_UARTEx_RxEventCallback)
    [Anonymous Symbol]                       0x08004328   Section        0  stm32u5xx_hal_uart_ex.o(.text.HAL_UARTEx_RxFifoFullCallback)
    [Anonymous Symbol]                       0x0800432c   Section        0  stm32u5xx_hal_uart_ex.o(.text.HAL_UARTEx_SetRxFifoThreshold)
    [Anonymous Symbol]                       0x080043b8   Section        0  stm32u5xx_hal_uart_ex.o(.text.HAL_UARTEx_SetTxFifoThreshold)
    [Anonymous Symbol]                       0x08004444   Section        0  stm32u5xx_hal_uart_ex.o(.text.HAL_UARTEx_TxFifoEmptyCallback)
    [Anonymous Symbol]                       0x08004448   Section        0  stm32u5xx_hal_uart.o(.text.HAL_UART_AbortReceiveCpltCallback)
    [Anonymous Symbol]                       0x0800444c   Section        0  stm32u5xx_hal_uart.o(.text.HAL_UART_AbortReceive_IT)
    [Anonymous Symbol]                       0x08004598   Section        0  stm32u5xx_hal_uart.o(.text.HAL_UART_ErrorCallback)
    [Anonymous Symbol]                       0x0800459c   Section        0  stm32u5xx_hal_uart.o(.text.HAL_UART_IRQHandler)
    [Anonymous Symbol]                       0x08004b38   Section        0  stm32u5xx_hal_uart.o(.text.HAL_UART_Init)
    [Anonymous Symbol]                       0x08004b9c   Section        0  usart.o(.text.HAL_UART_MspInit)
    [Anonymous Symbol]                       0x08004d5c   Section        0  stm32u5xx_hal_uart.o(.text.HAL_UART_RxCpltCallback)
    [Anonymous Symbol]                       0x08004d60   Section        0  stm32u5xx_hal_uart.o(.text.HAL_UART_RxHalfCpltCallback)
    [Anonymous Symbol]                       0x08004d64   Section        0  stm32u5xx_hal_uart.o(.text.HAL_UART_Transmit)
    [Anonymous Symbol]                       0x08004f0c   Section        0  stm32u5xx_hal_uart.o(.text.HAL_UART_TxCpltCallback)
    [Anonymous Symbol]                       0x08004f10   Section        0  stm32u5xx_it.o(.text.HardFault_Handler)
    [Anonymous Symbol]                       0x08004f14   Section        0  gpdma.o(.text.MX_GPDMA1_Init)
    [Anonymous Symbol]                       0x08004f58   Section        0  gpio.o(.text.MX_GPIO_Init)
    [Anonymous Symbol]                       0x08005038   Section        0  icache.o(.text.MX_ICACHE_Init)
    [Anonymous Symbol]                       0x0800505c   Section        0  tim.o(.text.MX_TIM15_Init)
    [Anonymous Symbol]                       0x080051bc   Section        0  tim.o(.text.MX_TIM3_Init)
    [Anonymous Symbol]                       0x080052e0   Section        0  usart.o(.text.MX_USART1_UART_Init)
    [Anonymous Symbol]                       0x08005364   Section        0  usart.o(.text.MX_USART3_UART_Init)
    [Anonymous Symbol]                       0x080053e8   Section        0  stm32u5xx_it.o(.text.MemManage_Handler)
    [Anonymous Symbol]                       0x080053ec   Section        0  stm32u5xx_it.o(.text.NMI_Handler)
    [Anonymous Symbol]                       0x080053f0   Section        0  stm32u5xx_it.o(.text.PendSV_Handler)
    RCCEx_PLL2_Config                        0x080053f5   Thumb Code   242  stm32u5xx_hal_rcc_ex.o(.text.RCCEx_PLL2_Config)
    [Anonymous Symbol]                       0x080053f4   Section        0  stm32u5xx_hal_rcc_ex.o(.text.RCCEx_PLL2_Config)
    RCCEx_PLL3_Config                        0x080054e9   Thumb Code   242  stm32u5xx_hal_rcc_ex.o(.text.RCCEx_PLL3_Config)
    [Anonymous Symbol]                       0x080054e8   Section        0  stm32u5xx_hal_rcc_ex.o(.text.RCCEx_PLL3_Config)
    [Anonymous Symbol]                       0x080055dc   Section        0  stm32u5xx_it.o(.text.SVC_Handler)
    [Anonymous Symbol]                       0x080055e0   Section        0  servo.o(.text.Servo_Angle1)
    [Anonymous Symbol]                       0x0800561c   Section        0  servo.o(.text.Servo_Angle2)
    [Anonymous Symbol]                       0x08005658   Section        0  servo.o(.text.Servo_Angle3)
    [Anonymous Symbol]                       0x08005690   Section        0  servo.o(.text.Servo_Angle4)
    [Anonymous Symbol]                       0x080056c8   Section        0  servo.o(.text.Servo_Init)
    [Anonymous Symbol]                       0x08005700   Section        0  stm32u5xx_it.o(.text.SysTick_Handler)
    [Anonymous Symbol]                       0x08005704   Section        0  system_stm32u5xx.o(.text.SystemInit)
    [Anonymous Symbol]                       0x08005750   Section        0  stm32u5xx_hal_tim.o(.text.TIM_Base_SetConfig)
    TIM_OC1_SetConfig                        0x080059d1   Thumb Code   364  stm32u5xx_hal_tim.o(.text.TIM_OC1_SetConfig)
    [Anonymous Symbol]                       0x080059d0   Section        0  stm32u5xx_hal_tim.o(.text.TIM_OC1_SetConfig)
    [Anonymous Symbol]                       0x08005b3c   Section        0  stm32u5xx_hal_tim.o(.text.TIM_OC2_SetConfig)
    TIM_OC3_SetConfig                        0x08005c69   Thumb Code   298  stm32u5xx_hal_tim.o(.text.TIM_OC3_SetConfig)
    [Anonymous Symbol]                       0x08005c68   Section        0  stm32u5xx_hal_tim.o(.text.TIM_OC3_SetConfig)
    TIM_OC4_SetConfig                        0x08005d95   Thumb Code   298  stm32u5xx_hal_tim.o(.text.TIM_OC4_SetConfig)
    [Anonymous Symbol]                       0x08005d94   Section        0  stm32u5xx_hal_tim.o(.text.TIM_OC4_SetConfig)
    [Anonymous Symbol]                       0x08005ec0   Section        0  stm32u5xx_hal_uart.o(.text.UART_AdvFeatureConfig)
    [Anonymous Symbol]                       0x08005fa8   Section        0  stm32u5xx_hal_uart.o(.text.UART_CheckIdleState)
    UART_DMAAbortOnError                     0x08006115   Thumb Code    12  stm32u5xx_hal_uart.o(.text.UART_DMAAbortOnError)
    [Anonymous Symbol]                       0x08006114   Section        0  stm32u5xx_hal_uart.o(.text.UART_DMAAbortOnError)
    UART_DMAError                            0x08006121   Thumb Code   474  stm32u5xx_hal_uart.o(.text.UART_DMAError)
    [Anonymous Symbol]                       0x08006120   Section        0  stm32u5xx_hal_uart.o(.text.UART_DMAError)
    UART_DMAReceiveCplt                      0x080062fd   Thumb Code   304  stm32u5xx_hal_uart.o(.text.UART_DMAReceiveCplt)
    [Anonymous Symbol]                       0x080062fc   Section        0  stm32u5xx_hal_uart.o(.text.UART_DMAReceiveCplt)
    UART_DMARxHalfCplt                       0x0800642d   Thumb Code    54  stm32u5xx_hal_uart.o(.text.UART_DMARxHalfCplt)
    [Anonymous Symbol]                       0x0800642c   Section        0  stm32u5xx_hal_uart.o(.text.UART_DMARxHalfCplt)
    UART_DMARxOnlyAbortCallback              0x08006465   Thumb Code    34  stm32u5xx_hal_uart.o(.text.UART_DMARxOnlyAbortCallback)
    [Anonymous Symbol]                       0x08006464   Section        0  stm32u5xx_hal_uart.o(.text.UART_DMARxOnlyAbortCallback)
    [Anonymous Symbol]                       0x08006488   Section        0  stm32u5xx_hal_uart.o(.text.UART_SetConfig)
    [Anonymous Symbol]                       0x08006694   Section        0  stm32u5xx_hal_uart.o(.text.UART_Start_Receive_DMA)
    [Anonymous Symbol]                       0x0800681c   Section        0  stm32u5xx_hal_uart.o(.text.UART_WaitOnFlagUntilTimeout)
    [Anonymous Symbol]                       0x08006b50   Section        0  stm32u5xx_it.o(.text.USART1_IRQHandler)
    [Anonymous Symbol]                       0x08006b80   Section        0  stm32u5xx_it.o(.text.USART3_IRQHandler)
    [Anonymous Symbol]                       0x08006bb0   Section        0  stm32u5xx_it.o(.text.UsageFault_Handler)
    [Anonymous Symbol]                       0x08006bb4   Section        0  main.o(.text.main)
    [Anonymous Symbol]                       0x08006f34   Section        0  useservo.o(.text.move0)
    [Anonymous Symbol]                       0x08006fc0   Section        0  useservo.o(.text.move1)
    [Anonymous Symbol]                       0x08007010   Section        0  useservo.o(.text.move2)
    [Anonymous Symbol]                       0x08007060   Section        0  useservo.o(.text.move3)
    [Anonymous Symbol]                       0x080070a8   Section        0  useservo.o(.text.move4)
    [Anonymous Symbol]                       0x080070f0   Section        0  useservo.o(.text.move5)
    [Anonymous Symbol]                       0x08007160   Section        0  useservo.o(.text.move6)
    [Anonymous Symbol]                       0x08007200   Section        0  useservo.o(.text.stop)
    $v0                                      0x08007240   Number         0  fpinit.o(x$fpl$fpinit)
    x$fpl$fpinit                             0x08007240   Section       26  fpinit.o(x$fpl$fpinit)
    LPGPIO_Map                               0x08007274   Data         128  stm32u5xx_hal_gpio.o(.rodata.LPGPIO_Map)
    [Anonymous Symbol]                       0x08007274   Section        0  stm32u5xx_hal_gpio.o(.rodata.LPGPIO_Map)
    UARTEx_SetNbDataToProcess.numerator      0x0800734c   Data           8  stm32u5xx_hal_uart_ex.o(.rodata.cst8)
    [Anonymous Symbol]                       0x0800734c   Section        0  stm32u5xx_hal_uart_ex.o(.rodata.cst8)
    UARTEx_SetNbDataToProcess.denominator    0x08007354   Data           8  stm32u5xx_hal_uart_ex.o(.rodata.cst8)
    .L_MergedGlobals                         0x20000000   Data           8  stm32u5xx_hal.o(.data..L_MergedGlobals)
    [Anonymous Symbol]                       0x20000000   Section        0  stm32u5xx_hal.o(.data..L_MergedGlobals)
    .bss                                     0x20000010   Section       96  libspace.o(.bss)
    Heap_Mem                                 0x20000b28   Data         512  startup_stm32u575xx.o(HEAP)
    HEAP                                     0x20000b28   Section      512  startup_stm32u575xx.o(HEAP)
    Stack_Mem                                0x20000d28   Data        1024  startup_stm32u575xx.o(STACK)
    STACK                                    0x20000d28   Section     1024  startup_stm32u575xx.o(STACK)
    __initial_sp                             0x20001128   Data           0  startup_stm32u575xx.o(STACK)

    Global Symbols

    Symbol Name                              Value     Ov Type        Size  Object(Section)

    BuildAttributes$$THM_ISAv4$E$P$D$K$B$S$7EM$8M$VFPi5$EXTD16$VFPS$VFMA$PE$A:L22UL41UL21$X:L11$S22US41US21$IEEE1$IW$~IW$USESV6$~STKCKD$USESV7$~SHL$OTIME$ROPI$EBA8$UX$STANDARDLIB$REQ8$PRES8$EABIv2 0x00000000   Number         0  anon$$obj.o ABSOLUTE
    __ARM_exceptions_init                     - Undefined Weak Reference
    __alloca_initialize                       - Undefined Weak Reference
    __arm_preinit_                            - Undefined Weak Reference
    __arm_relocate_pie_                       - Undefined Weak Reference
    __cpp_initialize__aeabi_                  - Undefined Weak Reference
    __cxa_finalize                            - Undefined Weak Reference
    __rt_locale                               - Undefined Weak Reference
    __sigvec_lookup                           - Undefined Weak Reference
    _atexit_init                              - Undefined Weak Reference
    _call_atexit_fns                          - Undefined Weak Reference
    _clock_init                               - Undefined Weak Reference
    _fp_trap_init                             - Undefined Weak Reference
    _fp_trap_shutdown                         - Undefined Weak Reference
    _get_lc_collate                           - Undefined Weak Reference
    _get_lc_ctype                             - Undefined Weak Reference
    _get_lc_monetary                          - Undefined Weak Reference
    _get_lc_numeric                           - Undefined Weak Reference
    _get_lc_time                              - Undefined Weak Reference
    _getenv_init                              - Undefined Weak Reference
    _handle_redirection                       - Undefined Weak Reference
    _init_alloc                               - Undefined Weak Reference
    _init_user_alloc                          - Undefined Weak Reference
    _initio                                   - Undefined Weak Reference
    _rand_init                                - Undefined Weak Reference
    _signal_finish                            - Undefined Weak Reference
    _signal_init                              - Undefined Weak Reference
    _terminate_alloc                          - Undefined Weak Reference
    _terminate_user_alloc                     - Undefined Weak Reference
    _terminateio                              - Undefined Weak Reference
    __Vectors_Size                           0x00000238   Number         0  startup_stm32u575xx.o ABSOLUTE
    __Vectors                                0x08000000   Data           4  startup_stm32u575xx.o(RESET)
    __Vectors_End                            0x08000238   Data           0  startup_stm32u575xx.o(RESET)
    __main                                   0x08000239   Thumb Code     8  __main.o(!!!main)
    __scatterload                            0x08000241   Thumb Code     0  __scatter.o(!!!scatter)
    __scatterload_rt2                        0x08000241   Thumb Code    84  __scatter.o(!!!scatter)
    __scatterload_rt2_thumb_only             0x08000241   Thumb Code     0  __scatter.o(!!!scatter)
    __scatterload_loop                       0x0800024b   Thumb Code     0  __scatter.o(!!!scatter)
    __scatterload_copy                       0x0800029d   Thumb Code    26  __scatter_copy.o(!!handler_copy)
    __scatterload_null                       0x080002b9   Thumb Code     2  __scatter.o(!!handler_null)
    __scatterload_zeroinit                   0x080002bd   Thumb Code    28  __scatter_zi.o(!!handler_zi)
    __rt_lib_init                            0x080002d9   Thumb Code     0  libinit.o(.ARM.Collect$$libinit$$00000000)
    __rt_lib_init_fp_1                       0x080002db   Thumb Code     0  libinit2.o(.ARM.Collect$$libinit$$00000001)
    __rt_lib_init_alloca_1                   0x080002df   Thumb Code     0  libinit2.o(.ARM.Collect$$libinit$$00000030)
    __rt_lib_init_argv_1                     0x080002df   Thumb Code     0  libinit2.o(.ARM.Collect$$libinit$$0000002E)
    __rt_lib_init_atexit_1                   0x080002df   Thumb Code     0  libinit2.o(.ARM.Collect$$libinit$$0000001D)
    __rt_lib_init_clock_1                    0x080002df   Thumb Code     0  libinit2.o(.ARM.Collect$$libinit$$00000023)
    __rt_lib_init_cpp_1                      0x080002df   Thumb Code     0  libinit2.o(.ARM.Collect$$libinit$$00000034)
    __rt_lib_init_exceptions_1               0x080002df   Thumb Code     0  libinit2.o(.ARM.Collect$$libinit$$00000032)
    __rt_lib_init_fp_trap_1                  0x080002df   Thumb Code     0  libinit2.o(.ARM.Collect$$libinit$$00000021)
    __rt_lib_init_getenv_1                   0x080002df   Thumb Code     0  libinit2.o(.ARM.Collect$$libinit$$00000025)
    __rt_lib_init_heap_1                     0x080002df   Thumb Code     0  libinit2.o(.ARM.Collect$$libinit$$0000000C)
    __rt_lib_init_lc_collate_1               0x080002df   Thumb Code     0  libinit2.o(.ARM.Collect$$libinit$$00000013)
    __rt_lib_init_lc_ctype_1                 0x080002df   Thumb Code     0  libinit2.o(.ARM.Collect$$libinit$$00000015)
    __rt_lib_init_lc_monetary_1              0x080002df   Thumb Code     0  libinit2.o(.ARM.Collect$$libinit$$00000017)
    __rt_lib_init_lc_numeric_1               0x080002df   Thumb Code     0  libinit2.o(.ARM.Collect$$libinit$$00000019)
    __rt_lib_init_lc_time_1                  0x080002df   Thumb Code     0  libinit2.o(.ARM.Collect$$libinit$$0000001B)
    __rt_lib_init_preinit_1                  0x080002df   Thumb Code     0  libinit2.o(.ARM.Collect$$libinit$$00000006)
    __rt_lib_init_rand_1                     0x080002df   Thumb Code     0  libinit2.o(.ARM.Collect$$libinit$$00000010)
    __rt_lib_init_relocate_pie_1             0x080002df   Thumb Code     0  libinit2.o(.ARM.Collect$$libinit$$00000004)
    __rt_lib_init_return                     0x080002df   Thumb Code     0  libinit2.o(.ARM.Collect$$libinit$$00000035)
    __rt_lib_init_signal_1                   0x080002df   Thumb Code     0  libinit2.o(.ARM.Collect$$libinit$$0000001F)
    __rt_lib_init_stdio_1                    0x080002df   Thumb Code     0  libinit2.o(.ARM.Collect$$libinit$$00000027)
    __rt_lib_init_user_alloc_1               0x080002df   Thumb Code     0  libinit2.o(.ARM.Collect$$libinit$$0000000E)
    __rt_lib_shutdown                        0x080002e1   Thumb Code     0  libshutdown.o(.ARM.Collect$$libshutdown$$00000000)
    __rt_lib_shutdown_cpp_1                  0x080002e3   Thumb Code     0  libshutdown2.o(.ARM.Collect$$libshutdown$$00000002)
    __rt_lib_shutdown_fp_trap_1              0x080002e3   Thumb Code     0  libshutdown2.o(.ARM.Collect$$libshutdown$$00000007)
    __rt_lib_shutdown_heap_1                 0x080002e3   Thumb Code     0  libshutdown2.o(.ARM.Collect$$libshutdown$$0000000F)
    __rt_lib_shutdown_return                 0x080002e3   Thumb Code     0  libshutdown2.o(.ARM.Collect$$libshutdown$$00000010)
    __rt_lib_shutdown_signal_1               0x080002e3   Thumb Code     0  libshutdown2.o(.ARM.Collect$$libshutdown$$0000000A)
    __rt_lib_shutdown_stdio_1                0x080002e3   Thumb Code     0  libshutdown2.o(.ARM.Collect$$libshutdown$$00000004)
    __rt_lib_shutdown_user_alloc_1           0x080002e3   Thumb Code     0  libshutdown2.o(.ARM.Collect$$libshutdown$$0000000C)
    __rt_entry                               0x080002e5   Thumb Code     0  __rtentry.o(.ARM.Collect$$rtentry$$00000000)
    __rt_entry_presh_1                       0x080002e5   Thumb Code     0  __rtentry2.o(.ARM.Collect$$rtentry$$00000002)
    __rt_entry_sh                            0x080002e5   Thumb Code     0  __rtentry4.o(.ARM.Collect$$rtentry$$00000004)
    __rt_entry_li                            0x080002eb   Thumb Code     0  __rtentry2.o(.ARM.Collect$$rtentry$$0000000A)
    __rt_entry_postsh_1                      0x080002eb   Thumb Code     0  __rtentry2.o(.ARM.Collect$$rtentry$$00000009)
    __rt_entry_main                          0x080002ef   Thumb Code     0  __rtentry2.o(.ARM.Collect$$rtentry$$0000000D)
    __rt_entry_postli_1                      0x080002ef   Thumb Code     0  __rtentry2.o(.ARM.Collect$$rtentry$$0000000C)
    __rt_exit                                0x080002f7   Thumb Code     0  rtexit.o(.ARM.Collect$$rtexit$$00000000)
    __rt_exit_ls                             0x080002f9   Thumb Code     0  rtexit2.o(.ARM.Collect$$rtexit$$00000003)
    __rt_exit_prels_1                        0x080002f9   Thumb Code     0  rtexit2.o(.ARM.Collect$$rtexit$$00000002)
    __rt_exit_exit                           0x080002fd   Thumb Code     0  rtexit2.o(.ARM.Collect$$rtexit$$00000004)
    Reset_Handler                            0x08000305   Thumb Code     8  startup_stm32u575xx.o(.text)
    SecureFault_Handler                      0x08000317   Thumb Code     2  startup_stm32u575xx.o(.text)
    ADC1_IRQHandler                          0x08000321   Thumb Code     0  startup_stm32u575xx.o(.text)
    ADC4_IRQHandler                          0x08000321   Thumb Code     0  startup_stm32u575xx.o(.text)
    ADF1_IRQHandler                          0x08000321   Thumb Code     0  startup_stm32u575xx.o(.text)
    COMP_IRQHandler                          0x08000321   Thumb Code     0  startup_stm32u575xx.o(.text)
    CORDIC_IRQHandler                        0x08000321   Thumb Code     0  startup_stm32u575xx.o(.text)
    CRS_IRQHandler                           0x08000321   Thumb Code     0  startup_stm32u575xx.o(.text)
    DAC1_IRQHandler                          0x08000321   Thumb Code     0  startup_stm32u575xx.o(.text)
    DCACHE1_IRQHandler                       0x08000321   Thumb Code     0  startup_stm32u575xx.o(.text)
    DCMI_PSSI_IRQHandler                     0x08000321   Thumb Code     0  startup_stm32u575xx.o(.text)
    DMA2D_IRQHandler                         0x08000321   Thumb Code     0  startup_stm32u575xx.o(.text)
    EXTI0_IRQHandler                         0x08000321   Thumb Code     0  startup_stm32u575xx.o(.text)
    EXTI10_IRQHandler                        0x08000321   Thumb Code     0  startup_stm32u575xx.o(.text)
    EXTI11_IRQHandler                        0x08000321   Thumb Code     0  startup_stm32u575xx.o(.text)
    EXTI13_IRQHandler                        0x08000321   Thumb Code     0  startup_stm32u575xx.o(.text)
    EXTI14_IRQHandler                        0x08000321   Thumb Code     0  startup_stm32u575xx.o(.text)
    EXTI15_IRQHandler                        0x08000321   Thumb Code     0  startup_stm32u575xx.o(.text)
    EXTI1_IRQHandler                         0x08000321   Thumb Code     0  startup_stm32u575xx.o(.text)
    EXTI2_IRQHandler                         0x08000321   Thumb Code     0  startup_stm32u575xx.o(.text)
    EXTI3_IRQHandler                         0x08000321   Thumb Code     0  startup_stm32u575xx.o(.text)
    EXTI4_IRQHandler                         0x08000321   Thumb Code     0  startup_stm32u575xx.o(.text)
    EXTI5_IRQHandler                         0x08000321   Thumb Code     0  startup_stm32u575xx.o(.text)
    EXTI6_IRQHandler                         0x08000321   Thumb Code     0  startup_stm32u575xx.o(.text)
    EXTI7_IRQHandler                         0x08000321   Thumb Code     0  startup_stm32u575xx.o(.text)
    EXTI8_IRQHandler                         0x08000321   Thumb Code     0  startup_stm32u575xx.o(.text)
    EXTI9_IRQHandler                         0x08000321   Thumb Code     0  startup_stm32u575xx.o(.text)
    FDCAN1_IT0_IRQHandler                    0x08000321   Thumb Code     0  startup_stm32u575xx.o(.text)
    FDCAN1_IT1_IRQHandler                    0x08000321   Thumb Code     0  startup_stm32u575xx.o(.text)
    FLASH_IRQHandler                         0x08000321   Thumb Code     0  startup_stm32u575xx.o(.text)
    FLASH_S_IRQHandler                       0x08000321   Thumb Code     0  startup_stm32u575xx.o(.text)
    FMAC_IRQHandler                          0x08000321   Thumb Code     0  startup_stm32u575xx.o(.text)
    FMC_IRQHandler                           0x08000321   Thumb Code     0  startup_stm32u575xx.o(.text)
    FPU_IRQHandler                           0x08000321   Thumb Code     0  startup_stm32u575xx.o(.text)
    GPDMA1_Channel10_IRQHandler              0x08000321   Thumb Code     0  startup_stm32u575xx.o(.text)
    GPDMA1_Channel11_IRQHandler              0x08000321   Thumb Code     0  startup_stm32u575xx.o(.text)
    GPDMA1_Channel12_IRQHandler              0x08000321   Thumb Code     0  startup_stm32u575xx.o(.text)
    GPDMA1_Channel13_IRQHandler              0x08000321   Thumb Code     0  startup_stm32u575xx.o(.text)
    GPDMA1_Channel14_IRQHandler              0x08000321   Thumb Code     0  startup_stm32u575xx.o(.text)
    GPDMA1_Channel15_IRQHandler              0x08000321   Thumb Code     0  startup_stm32u575xx.o(.text)
    GPDMA1_Channel2_IRQHandler               0x08000321   Thumb Code     0  startup_stm32u575xx.o(.text)
    GPDMA1_Channel3_IRQHandler               0x08000321   Thumb Code     0  startup_stm32u575xx.o(.text)
    GPDMA1_Channel4_IRQHandler               0x08000321   Thumb Code     0  startup_stm32u575xx.o(.text)
    GPDMA1_Channel5_IRQHandler               0x08000321   Thumb Code     0  startup_stm32u575xx.o(.text)
    GPDMA1_Channel6_IRQHandler               0x08000321   Thumb Code     0  startup_stm32u575xx.o(.text)
    GPDMA1_Channel7_IRQHandler               0x08000321   Thumb Code     0  startup_stm32u575xx.o(.text)
    GPDMA1_Channel8_IRQHandler               0x08000321   Thumb Code     0  startup_stm32u575xx.o(.text)
    GPDMA1_Channel9_IRQHandler               0x08000321   Thumb Code     0  startup_stm32u575xx.o(.text)
    GTZC_IRQHandler                          0x08000321   Thumb Code     0  startup_stm32u575xx.o(.text)
    HASH_IRQHandler                          0x08000321   Thumb Code     0  startup_stm32u575xx.o(.text)
    I2C1_ER_IRQHandler                       0x08000321   Thumb Code     0  startup_stm32u575xx.o(.text)
    I2C1_EV_IRQHandler                       0x08000321   Thumb Code     0  startup_stm32u575xx.o(.text)
    I2C2_ER_IRQHandler                       0x08000321   Thumb Code     0  startup_stm32u575xx.o(.text)
    I2C2_EV_IRQHandler                       0x08000321   Thumb Code     0  startup_stm32u575xx.o(.text)
    I2C3_ER_IRQHandler                       0x08000321   Thumb Code     0  startup_stm32u575xx.o(.text)
    I2C3_EV_IRQHandler                       0x08000321   Thumb Code     0  startup_stm32u575xx.o(.text)
    I2C4_ER_IRQHandler                       0x08000321   Thumb Code     0  startup_stm32u575xx.o(.text)
    I2C4_EV_IRQHandler                       0x08000321   Thumb Code     0  startup_stm32u575xx.o(.text)
    ICACHE_IRQHandler                        0x08000321   Thumb Code     0  startup_stm32u575xx.o(.text)
    IWDG_IRQHandler                          0x08000321   Thumb Code     0  startup_stm32u575xx.o(.text)
    LPDMA1_Channel0_IRQHandler               0x08000321   Thumb Code     0  startup_stm32u575xx.o(.text)
    LPDMA1_Channel1_IRQHandler               0x08000321   Thumb Code     0  startup_stm32u575xx.o(.text)
    LPDMA1_Channel2_IRQHandler               0x08000321   Thumb Code     0  startup_stm32u575xx.o(.text)
    LPDMA1_Channel3_IRQHandler               0x08000321   Thumb Code     0  startup_stm32u575xx.o(.text)
    LPTIM1_IRQHandler                        0x08000321   Thumb Code     0  startup_stm32u575xx.o(.text)
    LPTIM2_IRQHandler                        0x08000321   Thumb Code     0  startup_stm32u575xx.o(.text)
    LPTIM3_IRQHandler                        0x08000321   Thumb Code     0  startup_stm32u575xx.o(.text)
    LPTIM4_IRQHandler                        0x08000321   Thumb Code     0  startup_stm32u575xx.o(.text)
    LPUART1_IRQHandler                       0x08000321   Thumb Code     0  startup_stm32u575xx.o(.text)
    LSECSSD_IRQHandler                       0x08000321   Thumb Code     0  startup_stm32u575xx.o(.text)
    MDF1_FLT0_IRQHandler                     0x08000321   Thumb Code     0  startup_stm32u575xx.o(.text)
    MDF1_FLT1_IRQHandler                     0x08000321   Thumb Code     0  startup_stm32u575xx.o(.text)
    MDF1_FLT2_IRQHandler                     0x08000321   Thumb Code     0  startup_stm32u575xx.o(.text)
    MDF1_FLT3_IRQHandler                     0x08000321   Thumb Code     0  startup_stm32u575xx.o(.text)
    MDF1_FLT4_IRQHandler                     0x08000321   Thumb Code     0  startup_stm32u575xx.o(.text)
    MDF1_FLT5_IRQHandler                     0x08000321   Thumb Code     0  startup_stm32u575xx.o(.text)
    OCTOSPI1_IRQHandler                      0x08000321   Thumb Code     0  startup_stm32u575xx.o(.text)
    OCTOSPI2_IRQHandler                      0x08000321   Thumb Code     0  startup_stm32u575xx.o(.text)
    OTG_FS_IRQHandler                        0x08000321   Thumb Code     0  startup_stm32u575xx.o(.text)
    PVD_PVM_IRQHandler                       0x08000321   Thumb Code     0  startup_stm32u575xx.o(.text)
    PWR_S3WU_IRQHandler                      0x08000321   Thumb Code     0  startup_stm32u575xx.o(.text)
    RAMCFG_IRQHandler                        0x08000321   Thumb Code     0  startup_stm32u575xx.o(.text)
    RCC_IRQHandler                           0x08000321   Thumb Code     0  startup_stm32u575xx.o(.text)
    RCC_S_IRQHandler                         0x08000321   Thumb Code     0  startup_stm32u575xx.o(.text)
    RNG_IRQHandler                           0x08000321   Thumb Code     0  startup_stm32u575xx.o(.text)
    RTC_IRQHandler                           0x08000321   Thumb Code     0  startup_stm32u575xx.o(.text)
    RTC_S_IRQHandler                         0x08000321   Thumb Code     0  startup_stm32u575xx.o(.text)
    SAI1_IRQHandler                          0x08000321   Thumb Code     0  startup_stm32u575xx.o(.text)
    SAI2_IRQHandler                          0x08000321   Thumb Code     0  startup_stm32u575xx.o(.text)
    SDMMC1_IRQHandler                        0x08000321   Thumb Code     0  startup_stm32u575xx.o(.text)
    SDMMC2_IRQHandler                        0x08000321   Thumb Code     0  startup_stm32u575xx.o(.text)
    SPI1_IRQHandler                          0x08000321   Thumb Code     0  startup_stm32u575xx.o(.text)
    SPI2_IRQHandler                          0x08000321   Thumb Code     0  startup_stm32u575xx.o(.text)
    SPI3_IRQHandler                          0x08000321   Thumb Code     0  startup_stm32u575xx.o(.text)
    TAMP_IRQHandler                          0x08000321   Thumb Code     0  startup_stm32u575xx.o(.text)
    TIM15_IRQHandler                         0x08000321   Thumb Code     0  startup_stm32u575xx.o(.text)
    TIM16_IRQHandler                         0x08000321   Thumb Code     0  startup_stm32u575xx.o(.text)
    TIM17_IRQHandler                         0x08000321   Thumb Code     0  startup_stm32u575xx.o(.text)
    TIM1_BRK_IRQHandler                      0x08000321   Thumb Code     0  startup_stm32u575xx.o(.text)
    TIM1_CC_IRQHandler                       0x08000321   Thumb Code     0  startup_stm32u575xx.o(.text)
    TIM1_TRG_COM_IRQHandler                  0x08000321   Thumb Code     0  startup_stm32u575xx.o(.text)
    TIM1_UP_IRQHandler                       0x08000321   Thumb Code     0  startup_stm32u575xx.o(.text)
    TIM2_IRQHandler                          0x08000321   Thumb Code     0  startup_stm32u575xx.o(.text)
    TIM3_IRQHandler                          0x08000321   Thumb Code     0  startup_stm32u575xx.o(.text)
    TIM4_IRQHandler                          0x08000321   Thumb Code     0  startup_stm32u575xx.o(.text)
    TIM5_IRQHandler                          0x08000321   Thumb Code     0  startup_stm32u575xx.o(.text)
    TIM6_IRQHandler                          0x08000321   Thumb Code     0  startup_stm32u575xx.o(.text)
    TIM7_IRQHandler                          0x08000321   Thumb Code     0  startup_stm32u575xx.o(.text)
    TIM8_BRK_IRQHandler                      0x08000321   Thumb Code     0  startup_stm32u575xx.o(.text)
    TIM8_CC_IRQHandler                       0x08000321   Thumb Code     0  startup_stm32u575xx.o(.text)
    TIM8_TRG_COM_IRQHandler                  0x08000321   Thumb Code     0  startup_stm32u575xx.o(.text)
    TIM8_UP_IRQHandler                       0x08000321   Thumb Code     0  startup_stm32u575xx.o(.text)
    TSC_IRQHandler                           0x08000321   Thumb Code     0  startup_stm32u575xx.o(.text)
    UART4_IRQHandler                         0x08000321   Thumb Code     0  startup_stm32u575xx.o(.text)
    UART5_IRQHandler                         0x08000321   Thumb Code     0  startup_stm32u575xx.o(.text)
    UCPD1_IRQHandler                         0x08000321   Thumb Code     0  startup_stm32u575xx.o(.text)
    USART2_IRQHandler                        0x08000321   Thumb Code     0  startup_stm32u575xx.o(.text)
    WWDG_IRQHandler                          0x08000321   Thumb Code     0  startup_stm32u575xx.o(.text)
    __user_initial_stackheap                 0x08000325   Thumb Code    10  startup_stm32u575xx.o(.text)
    __aeabi_uldivmod                         0x08000349   Thumb Code     0  lludivv7m.o(.text)
    _ll_udiv                                 0x08000349   Thumb Code   240  lludivv7m.o(.text)
    memcmp                                   0x08000439   Thumb Code    88  memcmp.o(.text)
    __aeabi_memclr4                          0x08000491   Thumb Code     0  rt_memclr_w.o(.text)
    __aeabi_memclr8                          0x08000491   Thumb Code     0  rt_memclr_w.o(.text)
    __rt_memclr_w                            0x08000491   Thumb Code     0  rt_memclr_w.o(.text)
    _memset_w                                0x08000495   Thumb Code    74  rt_memclr_w.o(.text)
    __use_two_region_memory                  0x080004df   Thumb Code     2  heapauxi.o(.text)
    __rt_heap_escrow$2region                 0x080004e1   Thumb Code     2  heapauxi.o(.text)
    __rt_heap_expand$2region                 0x080004e3   Thumb Code     2  heapauxi.o(.text)
    __user_setup_stackheap                   0x080004e5   Thumb Code    74  sys_stackheap_outer.o(.text)
    exit                                     0x0800052f   Thumb Code    18  exit.o(.text)
    __user_libspace                          0x08000541   Thumb Code     8  libspace.o(.text)
    __user_perproc_libspace                  0x08000541   Thumb Code     0  libspace.o(.text)
    __user_perthread_libspace                0x08000541   Thumb Code     0  libspace.o(.text)
    _sys_exit                                0x08000549   Thumb Code     8  sys_exit.o(.text)
    __I$use$semihosting                      0x08000555   Thumb Code     0  use_no_semi.o(.text)
    __use_no_semihosting_swi                 0x08000555   Thumb Code     2  use_no_semi.o(.text)
    __semihosting_library_function           0x08000557   Thumb Code     0  indicate_semi.o(.text)
    BusFault_Handler                         0x08000559   Thumb Code     2  stm32u5xx_it.o(.text.BusFault_Handler)
    DebugMon_Handler                         0x0800055d   Thumb Code     2  stm32u5xx_it.o(.text.DebugMon_Handler)
    EXTI12_IRQHandler                        0x08000561   Thumb Code     8  stm32u5xx_it.o(.text.EXTI12_IRQHandler)
    Error_Handler                            0x08000569   Thumb Code     6  main.o(.text.Error_Handler)
    GPDMA1_Channel0_IRQHandler               0x08000571   Thumb Code    12  stm32u5xx_it.o(.text.GPDMA1_Channel0_IRQHandler)
    GPDMA1_Channel1_IRQHandler               0x0800057d   Thumb Code    12  stm32u5xx_it.o(.text.GPDMA1_Channel1_IRQHandler)
    HAL_DMAEx_List_Start_IT                  0x08000589   Thumb Code   200  stm32u5xx_hal_dma_ex.o(.text.HAL_DMAEx_List_Start_IT)
    HAL_DMA_Abort                            0x08000651   Thumb Code   168  stm32u5xx_hal_dma.o(.text.HAL_DMA_Abort)
    HAL_DMA_Abort_IT                         0x080006f9   Thumb Code    40  stm32u5xx_hal_dma.o(.text.HAL_DMA_Abort_IT)
    HAL_DMA_ConfigChannelAttributes          0x08000721   Thumb Code    58  stm32u5xx_hal_dma.o(.text.HAL_DMA_ConfigChannelAttributes)
    HAL_DMA_IRQHandler                       0x0800075d   Thumb Code   424  stm32u5xx_hal_dma.o(.text.HAL_DMA_IRQHandler)
    HAL_DMA_Init                             0x08000905   Thumb Code  1434  stm32u5xx_hal_dma.o(.text.HAL_DMA_Init)
    HAL_DMA_Start_IT                         0x08000ea1   Thumb Code   166  stm32u5xx_hal_dma.o(.text.HAL_DMA_Start_IT)
    HAL_Delay                                0x08000f49   Thumb Code    40  stm32u5xx_hal.o(.text.HAL_Delay)
    HAL_GPIO_EXTI_Falling_Callback           0x08000f71   Thumb Code     2  stm32u5xx_hal_gpio.o(.text.HAL_GPIO_EXTI_Falling_Callback)
    HAL_GPIO_EXTI_IRQHandler                 0x08000f75   Thumb Code    46  stm32u5xx_hal_gpio.o(.text.HAL_GPIO_EXTI_IRQHandler)
    HAL_GPIO_EXTI_Rising_Callback            0x08000fa5   Thumb Code     2  stm32u5xx_hal_gpio.o(.text.HAL_GPIO_EXTI_Rising_Callback)
    HAL_GPIO_Init                            0x08000fa9   Thumb Code   578  stm32u5xx_hal_gpio.o(.text.HAL_GPIO_Init)
    HAL_GPIO_WritePin                        0x080011ed   Thumb Code    12  stm32u5xx_hal_gpio.o(.text.HAL_GPIO_WritePin)
    HAL_GetTick                              0x080011f9   Thumb Code    12  stm32u5xx_hal.o(.text.HAL_GetTick)
    HAL_ICACHE_ConfigAssociativityMode       0x08001205   Thumb Code    32  stm32u5xx_hal_icache.o(.text.HAL_ICACHE_ConfigAssociativityMode)
    HAL_ICACHE_Enable                        0x08001225   Thumb Code    20  stm32u5xx_hal_icache.o(.text.HAL_ICACHE_Enable)
    HAL_IncTick                              0x08001239   Thumb Code    26  stm32u5xx_hal.o(.text.HAL_IncTick)
    HAL_Init                                 0x08001255   Thumb Code    92  stm32u5xx_hal.o(.text.HAL_Init)
    HAL_InitTick                             0x080012b1   Thumb Code   168  stm32u5xx_hal.o(.text.HAL_InitTick)
    HAL_MspInit                              0x08001359   Thumb Code    32  stm32u5xx_hal_msp.o(.text.HAL_MspInit)
    HAL_NVIC_EnableIRQ                       0x08001379   Thumb Code    34  stm32u5xx_hal_cortex.o(.text.HAL_NVIC_EnableIRQ)
    HAL_NVIC_SetPriority                     0x0800139d   Thumb Code    86  stm32u5xx_hal_cortex.o(.text.HAL_NVIC_SetPriority)
    HAL_NVIC_SetPriorityGrouping             0x080013f5   Thumb Code    32  stm32u5xx_hal_cortex.o(.text.HAL_NVIC_SetPriorityGrouping)
    HAL_PWREx_ControlVoltageScaling          0x08001415   Thumb Code   250  stm32u5xx_hal_pwr_ex.o(.text.HAL_PWREx_ControlVoltageScaling)
    HAL_PWREx_DisableUCPDDeadBattery         0x08001511   Thumb Code    18  stm32u5xx_hal_pwr_ex.o(.text.HAL_PWREx_DisableUCPDDeadBattery)
    HAL_PWREx_GetVoltageRange                0x08001525   Thumb Code    16  stm32u5xx_hal_pwr_ex.o(.text.HAL_PWREx_GetVoltageRange)
    HAL_RCCEx_GetPLL1ClockFreq               0x08001535   Thumb Code   380  stm32u5xx_hal_rcc_ex.o(.text.HAL_RCCEx_GetPLL1ClockFreq)
    HAL_RCCEx_GetPLL2ClockFreq               0x080016b9   Thumb Code   380  stm32u5xx_hal_rcc_ex.o(.text.HAL_RCCEx_GetPLL2ClockFreq)
    HAL_RCCEx_GetPLL3ClockFreq               0x0800183d   Thumb Code   380  stm32u5xx_hal_rcc_ex.o(.text.HAL_RCCEx_GetPLL3ClockFreq)
    HAL_RCCEx_GetPeriphCLKFreq               0x080019c1   Thumb Code  2278  stm32u5xx_hal_rcc_ex.o(.text.HAL_RCCEx_GetPeriphCLKFreq)
    HAL_RCCEx_PeriphCLKConfig                0x080022a9   Thumb Code  1458  stm32u5xx_hal_rcc_ex.o(.text.HAL_RCCEx_PeriphCLKConfig)
    HAL_RCC_ClockConfig                      0x0800285d   Thumb Code   762  stm32u5xx_hal_rcc.o(.text.HAL_RCC_ClockConfig)
    HAL_RCC_GetHCLKFreq                      0x08002b59   Thumb Code    44  stm32u5xx_hal_rcc.o(.text.HAL_RCC_GetHCLKFreq)
    HAL_RCC_GetPCLK1Freq                     0x08002b85   Thumb Code    62  stm32u5xx_hal_rcc.o(.text.HAL_RCC_GetPCLK1Freq)
    HAL_RCC_GetPCLK2Freq                     0x08002bc5   Thumb Code    62  stm32u5xx_hal_rcc.o(.text.HAL_RCC_GetPCLK2Freq)
    HAL_RCC_GetPCLK3Freq                     0x08002c05   Thumb Code    62  stm32u5xx_hal_rcc.o(.text.HAL_RCC_GetPCLK3Freq)
    HAL_RCC_GetSysClockFreq                  0x08002c45   Thumb Code   252  stm32u5xx_hal_rcc.o(.text.HAL_RCC_GetSysClockFreq)
    HAL_RCC_OscConfig                        0x08002d4d   Thumb Code  2936  stm32u5xx_hal_rcc.o(.text.HAL_RCC_OscConfig)
    HAL_SYSTICK_CLKSourceConfig              0x080038c5   Thumb Code   118  stm32u5xx_hal_cortex.o(.text.HAL_SYSTICK_CLKSourceConfig)
    HAL_SYSTICK_Config                       0x0800393d   Thumb Code    36  stm32u5xx_hal_cortex.o(.text.HAL_SYSTICK_Config)
    HAL_SYSTICK_GetCLKSourceConfig           0x08003961   Thumb Code    40  stm32u5xx_hal_cortex.o(.text.HAL_SYSTICK_GetCLKSourceConfig)
    HAL_TIMEx_ConfigBreakDeadTime            0x08003999   Thumb Code   236  stm32u5xx_hal_tim_ex.o(.text.HAL_TIMEx_ConfigBreakDeadTime)
    HAL_TIMEx_MasterConfigSynchronization    0x08003a85   Thumb Code   350  stm32u5xx_hal_tim_ex.o(.text.HAL_TIMEx_MasterConfigSynchronization)
    HAL_TIM_PWM_ConfigChannel                0x08003be5   Thumb Code   690  stm32u5xx_hal_tim.o(.text.HAL_TIM_PWM_ConfigChannel)
    HAL_TIM_PWM_Init                         0x08003e99   Thumb Code    98  stm32u5xx_hal_tim.o(.text.HAL_TIM_PWM_Init)
    HAL_TIM_PWM_MspInit                      0x08003efd   Thumb Code    90  tim.o(.text.HAL_TIM_PWM_MspInit)
    HAL_TIM_PWM_Start                        0x08003f59   Thumb Code   596  stm32u5xx_hal_tim.o(.text.HAL_TIM_PWM_Start)
    HAL_UARTEx_DisableFifoMode               0x080041ad   Thumb Code    54  stm32u5xx_hal_uart_ex.o(.text.HAL_UARTEx_DisableFifoMode)
    HAL_UARTEx_ReceiveToIdle_DMA             0x080041e5   Thumb Code   148  stm32u5xx_hal_uart_ex.o(.text.HAL_UARTEx_ReceiveToIdle_DMA)
    HAL_UARTEx_RxEventCallback               0x08004279   Thumb Code   174  main.o(.text.HAL_UARTEx_RxEventCallback)
    HAL_UARTEx_RxFifoFullCallback            0x08004329   Thumb Code     2  stm32u5xx_hal_uart_ex.o(.text.HAL_UARTEx_RxFifoFullCallback)
    HAL_UARTEx_SetRxFifoThreshold            0x0800432d   Thumb Code   140  stm32u5xx_hal_uart_ex.o(.text.HAL_UARTEx_SetRxFifoThreshold)
    HAL_UARTEx_SetTxFifoThreshold            0x080043b9   Thumb Code   140  stm32u5xx_hal_uart_ex.o(.text.HAL_UARTEx_SetTxFifoThreshold)
    HAL_UARTEx_TxFifoEmptyCallback           0x08004445   Thumb Code     2  stm32u5xx_hal_uart_ex.o(.text.HAL_UARTEx_TxFifoEmptyCallback)
    HAL_UART_AbortReceiveCpltCallback        0x08004449   Thumb Code     2  stm32u5xx_hal_uart.o(.text.HAL_UART_AbortReceiveCpltCallback)
    HAL_UART_AbortReceive_IT                 0x0800444d   Thumb Code   332  stm32u5xx_hal_uart.o(.text.HAL_UART_AbortReceive_IT)
    HAL_UART_ErrorCallback                   0x08004599   Thumb Code     2  stm32u5xx_hal_uart.o(.text.HAL_UART_ErrorCallback)
    HAL_UART_IRQHandler                      0x0800459d   Thumb Code  1436  stm32u5xx_hal_uart.o(.text.HAL_UART_IRQHandler)
    HAL_UART_Init                            0x08004b39   Thumb Code   100  stm32u5xx_hal_uart.o(.text.HAL_UART_Init)
    HAL_UART_MspInit                         0x08004b9d   Thumb Code   446  usart.o(.text.HAL_UART_MspInit)
    HAL_UART_RxCpltCallback                  0x08004d5d   Thumb Code     2  stm32u5xx_hal_uart.o(.text.HAL_UART_RxCpltCallback)
    HAL_UART_RxHalfCpltCallback              0x08004d61   Thumb Code     2  stm32u5xx_hal_uart.o(.text.HAL_UART_RxHalfCpltCallback)
    HAL_UART_Transmit                        0x08004d65   Thumb Code   424  stm32u5xx_hal_uart.o(.text.HAL_UART_Transmit)
    HAL_UART_TxCpltCallback                  0x08004f0d   Thumb Code     2  stm32u5xx_hal_uart.o(.text.HAL_UART_TxCpltCallback)
    HardFault_Handler                        0x08004f11   Thumb Code     2  stm32u5xx_it.o(.text.HardFault_Handler)
    MX_GPDMA1_Init                           0x08004f15   Thumb Code    68  gpdma.o(.text.MX_GPDMA1_Init)
    MX_GPIO_Init                             0x08004f59   Thumb Code   222  gpio.o(.text.MX_GPIO_Init)
    MX_ICACHE_Init                           0x08005039   Thumb Code    34  icache.o(.text.MX_ICACHE_Init)
    MX_TIM15_Init                            0x0800505d   Thumb Code   352  tim.o(.text.MX_TIM15_Init)
    MX_TIM3_Init                             0x080051bd   Thumb Code   292  tim.o(.text.MX_TIM3_Init)
    MX_USART1_UART_Init                      0x080052e1   Thumb Code   132  usart.o(.text.MX_USART1_UART_Init)
    MX_USART3_UART_Init                      0x08005365   Thumb Code   132  usart.o(.text.MX_USART3_UART_Init)
    MemManage_Handler                        0x080053e9   Thumb Code     2  stm32u5xx_it.o(.text.MemManage_Handler)
    NMI_Handler                              0x080053ed   Thumb Code     2  stm32u5xx_it.o(.text.NMI_Handler)
    PendSV_Handler                           0x080053f1   Thumb Code     2  stm32u5xx_it.o(.text.PendSV_Handler)
    SVC_Handler                              0x080055dd   Thumb Code     2  stm32u5xx_it.o(.text.SVC_Handler)
    Servo_Angle1                             0x080055e1   Thumb Code    48  servo.o(.text.Servo_Angle1)
    Servo_Angle2                             0x0800561d   Thumb Code    48  servo.o(.text.Servo_Angle2)
    Servo_Angle3                             0x08005659   Thumb Code    44  servo.o(.text.Servo_Angle3)
    Servo_Angle4                             0x08005691   Thumb Code    44  servo.o(.text.Servo_Angle4)
    Servo_Init                               0x080056c9   Thumb Code    54  servo.o(.text.Servo_Init)
    SysTick_Handler                          0x08005701   Thumb Code     4  stm32u5xx_it.o(.text.SysTick_Handler)
    SystemInit                               0x08005705   Thumb Code    76  system_stm32u5xx.o(.text.SystemInit)
    TIM_Base_SetConfig                       0x08005751   Thumb Code   638  stm32u5xx_hal_tim.o(.text.TIM_Base_SetConfig)
    TIM_OC2_SetConfig                        0x08005b3d   Thumb Code   298  stm32u5xx_hal_tim.o(.text.TIM_OC2_SetConfig)
    UART_AdvFeatureConfig                    0x08005ec1   Thumb Code   230  stm32u5xx_hal_uart.o(.text.UART_AdvFeatureConfig)
    UART_CheckIdleState                      0x08005fa9   Thumb Code   362  stm32u5xx_hal_uart.o(.text.UART_CheckIdleState)
    UART_SetConfig                           0x08006489   Thumb Code   522  stm32u5xx_hal_uart.o(.text.UART_SetConfig)
    UART_Start_Receive_DMA                   0x08006695   Thumb Code   390  stm32u5xx_hal_uart.o(.text.UART_Start_Receive_DMA)
    UART_WaitOnFlagUntilTimeout              0x0800681d   Thumb Code   818  stm32u5xx_hal_uart.o(.text.UART_WaitOnFlagUntilTimeout)
    USART1_IRQHandler                        0x08006b51   Thumb Code    46  stm32u5xx_it.o(.text.USART1_IRQHandler)
    USART3_IRQHandler                        0x08006b81   Thumb Code    46  stm32u5xx_it.o(.text.USART3_IRQHandler)
    UsageFault_Handler                       0x08006bb1   Thumb Code     2  stm32u5xx_it.o(.text.UsageFault_Handler)
    main                                     0x08006bb5   Thumb Code   816  main.o(.text.main)
    move0                                    0x08006f35   Thumb Code   132  useservo.o(.text.move0)
    move1                                    0x08006fc1   Thumb Code    68  useservo.o(.text.move1)
    move2                                    0x08007011   Thumb Code    68  useservo.o(.text.move2)
    move3                                    0x08007061   Thumb Code    64  useservo.o(.text.move3)
    move4                                    0x080070a9   Thumb Code    64  useservo.o(.text.move4)
    move5                                    0x080070f1   Thumb Code   104  useservo.o(.text.move5)
    move6                                    0x08007161   Thumb Code   148  useservo.o(.text.move6)
    stop                                     0x08007201   Thumb Code    60  useservo.o(.text.stop)
    _fp_init                                 0x08007241   Thumb Code    26  fpinit.o(x$fpl$fpinit)
    __fplib_config_fpu_vfp                   0x08007259   Thumb Code     0  fpinit.o(x$fpl$fpinit)
    __fplib_config_pureend_doubles           0x08007259   Thumb Code     0  fpinit.o(x$fpl$fpinit)
    AHBPrescTable                            0x0800725a   Data          16  system_stm32u5xx.o(.rodata.AHBPrescTable)
    APBPrescTable                            0x0800726a   Data           8  system_stm32u5xx.o(.rodata.APBPrescTable)
    MSIRangeTable                            0x080072f4   Data          64  system_stm32u5xx.o(.rodata.MSIRangeTable)
    UARTPrescTable                           0x08007334   Data          24  stm32u5xx_hal_uart.o(.rodata.UARTPrescTable)
    Region$$Table$$Base                      0x0800735c   Number         0  anon$$obj.o(Region$$Table)
    Region$$Table$$Limit                     0x0800737c   Number         0  anon$$obj.o(Region$$Table)
    uwTickFreq                               0x20000000   Data           1  stm32u5xx_hal.o(.data..L_MergedGlobals)
    uwTickPrio                               0x20000004   Data           4  stm32u5xx_hal.o(.data..L_MergedGlobals)
    SystemCoreClock                          0x20000008   Data           4  system_stm32u5xx.o(.data.SystemCoreClock)
    state                                    0x2000000c   Data           4  useservo.o(.data.state)
    __libspace_start                         0x20000010   Data          96  libspace.o(.bss)
    DataBuff                                 0x20000070   Data        1024  main.o(.bss.DataBuff)
    __temporary_stack_top$libspace           0x20000070   Data           0  libspace.o(.bss)
    DataBuff3                                0x20000470   Data        1024  main.o(.bss.DataBuff3)
    handle_GPDMA1_Channel0                   0x20000870   Data         120  usart.o(.bss.handle_GPDMA1_Channel0)
    handle_GPDMA1_Channel1                   0x200008e8   Data         120  usart.o(.bss.handle_GPDMA1_Channel1)
    htim15                                   0x20000960   Data          76  tim.o(.bss.htim15)
    htim3                                    0x200009ac   Data          76  tim.o(.bss.htim3)
    huart1                                   0x200009f8   Data         148  usart.o(.bss.huart1)
    huart3                                   0x20000a8c   Data         148  usart.o(.bss.huart3)
    uwTick                                   0x20000b20   Data           4  stm32u5xx_hal.o(.bss.uwTick)



==============================================================================

Memory Map of the image

  Image Entry point : 0x08000239

  Load Region LR_IROM1 (Base: 0x08000000, Size: 0x00007390, Max: 0x00200000, ABSOLUTE)

    Execution Region ER_IROM1 (Exec base: 0x08000000, Load base: 0x08000000, Size: 0x0000737c, Max: 0x00200000, ABSOLUTE)

    Exec Addr    Load Addr    Size         Type   Attr      Idx    E Section Name        Object

    0x08000000   0x08000000   0x00000238   Data   RO            3    RESET               startup_stm32u575xx.o
    0x08000238   0x08000238   0x00000008   Code   RO         1533  * !!!main             c_w.l(__main.o)
    0x08000240   0x08000240   0x0000005c   Code   RO         1708    !!!scatter          c_w.l(__scatter.o)
    0x0800029c   0x0800029c   0x0000001a   Code   RO         1712    !!handler_copy      c_w.l(__scatter_copy.o)
    0x080002b6   0x080002b6   0x00000002   PAD
    0x080002b8   0x080002b8   0x00000002   Code   RO         1709    !!handler_null      c_w.l(__scatter.o)
    0x080002ba   0x080002ba   0x00000002   PAD
    0x080002bc   0x080002bc   0x0000001c   Code   RO         1714    !!handler_zi        c_w.l(__scatter_zi.o)
    0x080002d8   0x080002d8   0x00000002   Code   RO         1570    .ARM.Collect$$libinit$$00000000  c_w.l(libinit.o)
    0x080002da   0x080002da   0x00000004   Code   RO         1582    .ARM.Collect$$libinit$$00000001  c_w.l(libinit2.o)
    0x080002de   0x080002de   0x00000000   Code   RO         1585    .ARM.Collect$$libinit$$00000004  c_w.l(libinit2.o)
    0x080002de   0x080002de   0x00000000   Code   RO         1587    .ARM.Collect$$libinit$$00000006  c_w.l(libinit2.o)
    0x080002de   0x080002de   0x00000000   Code   RO         1590    .ARM.Collect$$libinit$$0000000C  c_w.l(libinit2.o)
    0x080002de   0x080002de   0x00000000   Code   RO         1592    .ARM.Collect$$libinit$$0000000E  c_w.l(libinit2.o)
    0x080002de   0x080002de   0x00000000   Code   RO         1594    .ARM.Collect$$libinit$$00000010  c_w.l(libinit2.o)
    0x080002de   0x080002de   0x00000000   Code   RO         1597    .ARM.Collect$$libinit$$00000013  c_w.l(libinit2.o)
    0x080002de   0x080002de   0x00000000   Code   RO         1599    .ARM.Collect$$libinit$$00000015  c_w.l(libinit2.o)
    0x080002de   0x080002de   0x00000000   Code   RO         1601    .ARM.Collect$$libinit$$00000017  c_w.l(libinit2.o)
    0x080002de   0x080002de   0x00000000   Code   RO         1603    .ARM.Collect$$libinit$$00000019  c_w.l(libinit2.o)
    0x080002de   0x080002de   0x00000000   Code   RO         1605    .ARM.Collect$$libinit$$0000001B  c_w.l(libinit2.o)
    0x080002de   0x080002de   0x00000000   Code   RO         1607    .ARM.Collect$$libinit$$0000001D  c_w.l(libinit2.o)
    0x080002de   0x080002de   0x00000000   Code   RO         1609    .ARM.Collect$$libinit$$0000001F  c_w.l(libinit2.o)
    0x080002de   0x080002de   0x00000000   Code   RO         1611    .ARM.Collect$$libinit$$00000021  c_w.l(libinit2.o)
    0x080002de   0x080002de   0x00000000   Code   RO         1613    .ARM.Collect$$libinit$$00000023  c_w.l(libinit2.o)
    0x080002de   0x080002de   0x00000000   Code   RO         1615    .ARM.Collect$$libinit$$00000025  c_w.l(libinit2.o)
    0x080002de   0x080002de   0x00000000   Code   RO         1617    .ARM.Collect$$libinit$$00000027  c_w.l(libinit2.o)
    0x080002de   0x080002de   0x00000000   Code   RO         1621    .ARM.Collect$$libinit$$0000002E  c_w.l(libinit2.o)
    0x080002de   0x080002de   0x00000000   Code   RO         1623    .ARM.Collect$$libinit$$00000030  c_w.l(libinit2.o)
    0x080002de   0x080002de   0x00000000   Code   RO         1625    .ARM.Collect$$libinit$$00000032  c_w.l(libinit2.o)
    0x080002de   0x080002de   0x00000000   Code   RO         1627    .ARM.Collect$$libinit$$00000034  c_w.l(libinit2.o)
    0x080002de   0x080002de   0x00000002   Code   RO         1628    .ARM.Collect$$libinit$$00000035  c_w.l(libinit2.o)
    0x080002e0   0x080002e0   0x00000002   Code   RO         1663    .ARM.Collect$$libshutdown$$00000000  c_w.l(libshutdown.o)
    0x080002e2   0x080002e2   0x00000000   Code   RO         1691    .ARM.Collect$$libshutdown$$00000002  c_w.l(libshutdown2.o)
    0x080002e2   0x080002e2   0x00000000   Code   RO         1693    .ARM.Collect$$libshutdown$$00000004  c_w.l(libshutdown2.o)
    0x080002e2   0x080002e2   0x00000000   Code   RO         1696    .ARM.Collect$$libshutdown$$00000007  c_w.l(libshutdown2.o)
    0x080002e2   0x080002e2   0x00000000   Code   RO         1699    .ARM.Collect$$libshutdown$$0000000A  c_w.l(libshutdown2.o)
    0x080002e2   0x080002e2   0x00000000   Code   RO         1701    .ARM.Collect$$libshutdown$$0000000C  c_w.l(libshutdown2.o)
    0x080002e2   0x080002e2   0x00000000   Code   RO         1704    .ARM.Collect$$libshutdown$$0000000F  c_w.l(libshutdown2.o)
    0x080002e2   0x080002e2   0x00000002   Code   RO         1705    .ARM.Collect$$libshutdown$$00000010  c_w.l(libshutdown2.o)
    0x080002e4   0x080002e4   0x00000000   Code   RO         1535    .ARM.Collect$$rtentry$$00000000  c_w.l(__rtentry.o)
    0x080002e4   0x080002e4   0x00000000   Code   RO         1541    .ARM.Collect$$rtentry$$00000002  c_w.l(__rtentry2.o)
    0x080002e4   0x080002e4   0x00000006   Code   RO         1553    .ARM.Collect$$rtentry$$00000004  c_w.l(__rtentry4.o)
    0x080002ea   0x080002ea   0x00000000   Code   RO         1543    .ARM.Collect$$rtentry$$00000009  c_w.l(__rtentry2.o)
    0x080002ea   0x080002ea   0x00000004   Code   RO         1544    .ARM.Collect$$rtentry$$0000000A  c_w.l(__rtentry2.o)
    0x080002ee   0x080002ee   0x00000000   Code   RO         1546    .ARM.Collect$$rtentry$$0000000C  c_w.l(__rtentry2.o)
    0x080002ee   0x080002ee   0x00000008   Code   RO         1547    .ARM.Collect$$rtentry$$0000000D  c_w.l(__rtentry2.o)
    0x080002f6   0x080002f6   0x00000002   Code   RO         1574    .ARM.Collect$$rtexit$$00000000  c_w.l(rtexit.o)
    0x080002f8   0x080002f8   0x00000000   Code   RO         1634    .ARM.Collect$$rtexit$$00000002  c_w.l(rtexit2.o)
    0x080002f8   0x080002f8   0x00000004   Code   RO         1635    .ARM.Collect$$rtexit$$00000003  c_w.l(rtexit2.o)
    0x080002fc   0x080002fc   0x00000006   Code   RO         1636    .ARM.Collect$$rtexit$$00000004  c_w.l(rtexit2.o)
    0x08000302   0x08000302   0x00000002   PAD
    0x08000304   0x08000304   0x00000044   Code   RO            4    .text               startup_stm32u575xx.o
    0x08000348   0x08000348   0x000000f0   Code   RO         1525    .text               c_w.l(lludivv7m.o)
    0x08000438   0x08000438   0x00000058   Code   RO         1527    .text               c_w.l(memcmp.o)
    0x08000490   0x08000490   0x0000004e   Code   RO         1529    .text               c_w.l(rt_memclr_w.o)
    0x080004de   0x080004de   0x00000006   Code   RO         1531    .text               c_w.l(heapauxi.o)
    0x080004e4   0x080004e4   0x0000004a   Code   RO         1557    .text               c_w.l(sys_stackheap_outer.o)
    0x0800052e   0x0800052e   0x00000012   Code   RO         1559    .text               c_w.l(exit.o)
    0x08000540   0x08000540   0x00000008   Code   RO         1571    .text               c_w.l(libspace.o)
    0x08000548   0x08000548   0x0000000c   Code   RO         1629    .text               c_w.l(sys_exit.o)
    0x08000554   0x08000554   0x00000002   Code   RO         1652    .text               c_w.l(use_no_semi.o)
    0x08000556   0x08000556   0x00000000   Code   RO         1654    .text               c_w.l(indicate_semi.o)
    0x08000556   0x08000556   0x00000002   PAD
    0x08000558   0x08000558   0x00000002   Code   RO          153    .text.BusFault_Handler  stm32u5xx_it.o
    0x0800055a   0x0800055a   0x00000002   PAD
    0x0800055c   0x0800055c   0x00000002   Code   RO          159    .text.DebugMon_Handler  stm32u5xx_it.o
    0x0800055e   0x0800055e   0x00000002   PAD
    0x08000560   0x08000560   0x00000008   Code   RO          165    .text.EXTI12_IRQHandler  stm32u5xx_it.o
    0x08000568   0x08000568   0x00000006   Code   RO           63    .text.Error_Handler  main.o
    0x0800056e   0x0800056e   0x00000002   PAD
    0x08000570   0x08000570   0x0000000c   Code   RO          167    .text.GPDMA1_Channel0_IRQHandler  stm32u5xx_it.o
    0x0800057c   0x0800057c   0x0000000c   Code   RO          169    .text.GPDMA1_Channel1_IRQHandler  stm32u5xx_it.o
    0x08000588   0x08000588   0x000000c8   Code   RO          288    .text.HAL_DMAEx_List_Start_IT  stm32u5xx_hal_dma_ex.o
    0x08000650   0x08000650   0x000000a8   Code   RO          252    .text.HAL_DMA_Abort  stm32u5xx_hal_dma.o
    0x080006f8   0x080006f8   0x00000028   Code   RO          254    .text.HAL_DMA_Abort_IT  stm32u5xx_hal_dma.o
    0x08000720   0x08000720   0x0000003a   Code   RO          268    .text.HAL_DMA_ConfigChannelAttributes  stm32u5xx_hal_dma.o
    0x0800075a   0x0800075a   0x00000002   PAD
    0x0800075c   0x0800075c   0x000001a8   Code   RO          258    .text.HAL_DMA_IRQHandler  stm32u5xx_hal_dma.o
    0x08000904   0x08000904   0x0000059a   Code   RO          244    .text.HAL_DMA_Init  stm32u5xx_hal_dma.o
    0x08000e9e   0x08000e9e   0x00000002   PAD
    0x08000ea0   0x08000ea0   0x000000a6   Code   RO          250    .text.HAL_DMA_Start_IT  stm32u5xx_hal_dma.o
    0x08000f46   0x08000f46   0x00000002   PAD
    0x08000f48   0x08000f48   0x00000028   Code   RO          383    .text.HAL_Delay     stm32u5xx_hal.o
    0x08000f70   0x08000f70   0x00000002   Code   RO          672    .text.HAL_GPIO_EXTI_Falling_Callback  stm32u5xx_hal_gpio.o
    0x08000f72   0x08000f72   0x00000002   PAD
    0x08000f74   0x08000f74   0x0000002e   Code   RO          668    .text.HAL_GPIO_EXTI_IRQHandler  stm32u5xx_hal_gpio.o
    0x08000fa2   0x08000fa2   0x00000002   PAD
    0x08000fa4   0x08000fa4   0x00000002   Code   RO          670    .text.HAL_GPIO_EXTI_Rising_Callback  stm32u5xx_hal_gpio.o
    0x08000fa6   0x08000fa6   0x00000002   PAD
    0x08000fa8   0x08000fa8   0x00000242   Code   RO          650    .text.HAL_GPIO_Init  stm32u5xx_hal_gpio.o
    0x080011ea   0x080011ea   0x00000002   PAD
    0x080011ec   0x080011ec   0x0000000c   Code   RO          656    .text.HAL_GPIO_WritePin  stm32u5xx_hal_gpio.o
    0x080011f8   0x080011f8   0x0000000c   Code   RO          375    .text.HAL_GetTick   stm32u5xx_hal.o
    0x08001204   0x08001204   0x00000020   Code   RO          890    .text.HAL_ICACHE_ConfigAssociativityMode  stm32u5xx_hal_icache.o
    0x08001224   0x08001224   0x00000014   Code   RO          894    .text.HAL_ICACHE_Enable  stm32u5xx_hal_icache.o
    0x08001238   0x08001238   0x0000001a   Code   RO          373    .text.HAL_IncTick   stm32u5xx_hal.o
    0x08001252   0x08001252   0x00000002   PAD
    0x08001254   0x08001254   0x0000005c   Code   RO          363    .text.HAL_Init      stm32u5xx_hal.o
    0x080012b0   0x080012b0   0x000000a8   Code   RO          365    .text.HAL_InitTick  stm32u5xx_hal.o
    0x08001358   0x08001358   0x00000020   Code   RO          182    .text.HAL_MspInit   stm32u5xx_hal_msp.o
    0x08001378   0x08001378   0x00000022   Code   RO          194    .text.HAL_NVIC_EnableIRQ  stm32u5xx_hal_cortex.o
    0x0800139a   0x0800139a   0x00000002   PAD
    0x0800139c   0x0800139c   0x00000056   Code   RO          192    .text.HAL_NVIC_SetPriority  stm32u5xx_hal_cortex.o
    0x080013f2   0x080013f2   0x00000002   PAD
    0x080013f4   0x080013f4   0x00000020   Code   RO          190    .text.HAL_NVIC_SetPriorityGrouping  stm32u5xx_hal_cortex.o
    0x08001414   0x08001414   0x000000fa   Code   RO          759    .text.HAL_PWREx_ControlVoltageScaling  stm32u5xx_hal_pwr_ex.o
    0x0800150e   0x0800150e   0x00000002   PAD
    0x08001510   0x08001510   0x00000012   Code   RO          829    .text.HAL_PWREx_DisableUCPDDeadBattery  stm32u5xx_hal_pwr_ex.o
    0x08001522   0x08001522   0x00000002   PAD
    0x08001524   0x08001524   0x00000010   Code   RO          761    .text.HAL_PWREx_GetVoltageRange  stm32u5xx_hal_pwr_ex.o
    0x08001534   0x08001534   0x00000184   Code   RO          501    .text.HAL_RCCEx_GetPLL1ClockFreq  stm32u5xx_hal_rcc_ex.o
    0x080016b8   0x080016b8   0x00000184   Code   RO          503    .text.HAL_RCCEx_GetPLL2ClockFreq  stm32u5xx_hal_rcc_ex.o
    0x0800183c   0x0800183c   0x00000184   Code   RO          505    .text.HAL_RCCEx_GetPLL3ClockFreq  stm32u5xx_hal_rcc_ex.o
    0x080019c0   0x080019c0   0x000008e6   Code   RO          507    .text.HAL_RCCEx_GetPeriphCLKFreq  stm32u5xx_hal_rcc_ex.o
    0x080022a6   0x080022a6   0x00000002   PAD
    0x080022a8   0x080022a8   0x000005b2   Code   RO          493    .text.HAL_RCCEx_PeriphCLKConfig  stm32u5xx_hal_rcc_ex.o
    0x0800285a   0x0800285a   0x00000002   PAD
    0x0800285c   0x0800285c   0x000002fa   Code   RO          457    .text.HAL_RCC_ClockConfig  stm32u5xx_hal_rcc.o
    0x08002b56   0x08002b56   0x00000002   PAD
    0x08002b58   0x08002b58   0x0000002c   Code   RO          455    .text.HAL_RCC_GetHCLKFreq  stm32u5xx_hal_rcc.o
    0x08002b84   0x08002b84   0x0000003e   Code   RO          463    .text.HAL_RCC_GetPCLK1Freq  stm32u5xx_hal_rcc.o
    0x08002bc2   0x08002bc2   0x00000002   PAD
    0x08002bc4   0x08002bc4   0x0000003e   Code   RO          465    .text.HAL_RCC_GetPCLK2Freq  stm32u5xx_hal_rcc.o
    0x08002c02   0x08002c02   0x00000002   PAD
    0x08002c04   0x08002c04   0x0000003e   Code   RO          467    .text.HAL_RCC_GetPCLK3Freq  stm32u5xx_hal_rcc.o
    0x08002c42   0x08002c42   0x00000002   PAD
    0x08002c44   0x08002c44   0x00000108   Code   RO          459    .text.HAL_RCC_GetSysClockFreq  stm32u5xx_hal_rcc.o
    0x08002d4c   0x08002d4c   0x00000b78   Code   RO          453    .text.HAL_RCC_OscConfig  stm32u5xx_hal_rcc.o
    0x080038c4   0x080038c4   0x00000076   Code   RO          216    .text.HAL_SYSTICK_CLKSourceConfig  stm32u5xx_hal_cortex.o
    0x0800393a   0x0800393a   0x00000002   PAD
    0x0800393c   0x0800393c   0x00000024   Code   RO          202    .text.HAL_SYSTICK_Config  stm32u5xx_hal_cortex.o
    0x08003960   0x08003960   0x00000038   Code   RO          218    .text.HAL_SYSTICK_GetCLKSourceConfig  stm32u5xx_hal_cortex.o
    0x08003998   0x08003998   0x000000ec   Code   RO         1239    .text.HAL_TIMEx_ConfigBreakDeadTime  stm32u5xx_hal_tim_ex.o
    0x08003a84   0x08003a84   0x0000015e   Code   RO         1237    .text.HAL_TIMEx_MasterConfigSynchronization  stm32u5xx_hal_tim_ex.o
    0x08003be2   0x08003be2   0x00000002   PAD
    0x08003be4   0x08003be4   0x000002b2   Code   RO         1096    .text.HAL_TIM_PWM_ConfigChannel  stm32u5xx_hal_tim.o
    0x08003e96   0x08003e96   0x00000002   PAD
    0x08003e98   0x08003e98   0x00000062   Code   RO          990    .text.HAL_TIM_PWM_Init  stm32u5xx_hal_tim.o
    0x08003efa   0x08003efa   0x00000002   PAD
    0x08003efc   0x08003efc   0x0000005a   Code   RO          113    .text.HAL_TIM_PWM_MspInit  tim.o
    0x08003f56   0x08003f56   0x00000002   PAD
    0x08003f58   0x08003f58   0x00000254   Code   RO          998    .text.HAL_TIM_PWM_Start  stm32u5xx_hal_tim.o
    0x080041ac   0x080041ac   0x00000036   Code   RO         1479    .text.HAL_UARTEx_DisableFifoMode  stm32u5xx_hal_uart_ex.o
    0x080041e2   0x080041e2   0x00000002   PAD
    0x080041e4   0x080041e4   0x00000094   Code   RO         1489    .text.HAL_UARTEx_ReceiveToIdle_DMA  stm32u5xx_hal_uart_ex.o
    0x08004278   0x08004278   0x000000ae   Code   RO           55    .text.HAL_UARTEx_RxEventCallback  main.o
    0x08004326   0x08004326   0x00000002   PAD
    0x08004328   0x08004328   0x00000002   Code   RO         1465    .text.HAL_UARTEx_RxFifoFullCallback  stm32u5xx_hal_uart_ex.o
    0x0800432a   0x0800432a   0x00000002   PAD
    0x0800432c   0x0800432c   0x0000008c   Code   RO         1483    .text.HAL_UARTEx_SetRxFifoThreshold  stm32u5xx_hal_uart_ex.o
    0x080043b8   0x080043b8   0x0000008c   Code   RO         1481    .text.HAL_UARTEx_SetTxFifoThreshold  stm32u5xx_hal_uart_ex.o
    0x08004444   0x08004444   0x00000002   Code   RO         1467    .text.HAL_UARTEx_TxFifoEmptyCallback  stm32u5xx_hal_uart_ex.o
    0x08004446   0x08004446   0x00000002   PAD
    0x08004448   0x08004448   0x00000002   Code   RO         1402    .text.HAL_UART_AbortReceiveCpltCallback  stm32u5xx_hal_uart.o
    0x0800444a   0x0800444a   0x00000002   PAD
    0x0800444c   0x0800444c   0x0000014c   Code   RO         1398    .text.HAL_UART_AbortReceive_IT  stm32u5xx_hal_uart.o
    0x08004598   0x08004598   0x00000002   Code   RO         1408    .text.HAL_UART_ErrorCallback  stm32u5xx_hal_uart.o
    0x0800459a   0x0800459a   0x00000002   PAD
    0x0800459c   0x0800459c   0x0000059c   Code   RO         1404    .text.HAL_UART_IRQHandler  stm32u5xx_hal_uart.o
    0x08004b38   0x08004b38   0x00000064   Code   RO         1320    .text.HAL_UART_Init  stm32u5xx_hal_uart.o
    0x08004b9c   0x08004b9c   0x000001be   Code   RO          131    .text.HAL_UART_MspInit  usart.o
    0x08004d5a   0x08004d5a   0x00000002   PAD
    0x08004d5c   0x08004d5c   0x00000002   Code   RO         1416    .text.HAL_UART_RxCpltCallback  stm32u5xx_hal_uart.o
    0x08004d5e   0x08004d5e   0x00000002   PAD
    0x08004d60   0x08004d60   0x00000002   Code   RO         1418    .text.HAL_UART_RxHalfCpltCallback  stm32u5xx_hal_uart.o
    0x08004d62   0x08004d62   0x00000002   PAD
    0x08004d64   0x08004d64   0x000001a8   Code   RO         1340    .text.HAL_UART_Transmit  stm32u5xx_hal_uart.o
    0x08004f0c   0x08004f0c   0x00000002   Code   RO         1412    .text.HAL_UART_TxCpltCallback  stm32u5xx_hal_uart.o
    0x08004f0e   0x08004f0e   0x00000002   PAD
    0x08004f10   0x08004f10   0x00000002   Code   RO          149    .text.HardFault_Handler  stm32u5xx_it.o
    0x08004f12   0x08004f12   0x00000002   PAD
    0x08004f14   0x08004f14   0x00000044   Code   RO           90    .text.MX_GPDMA1_Init  gpdma.o
    0x08004f58   0x08004f58   0x000000de   Code   RO           81    .text.MX_GPIO_Init  gpio.o
    0x08005036   0x08005036   0x00000002   PAD
    0x08005038   0x08005038   0x00000022   Code   RO           99    .text.MX_ICACHE_Init  icache.o
    0x0800505a   0x0800505a   0x00000002   PAD
    0x0800505c   0x0800505c   0x00000160   Code   RO          111    .text.MX_TIM15_Init  tim.o
    0x080051bc   0x080051bc   0x00000124   Code   RO          107    .text.MX_TIM3_Init  tim.o
    0x080052e0   0x080052e0   0x00000084   Code   RO          127    .text.MX_USART1_UART_Init  usart.o
    0x08005364   0x08005364   0x00000084   Code   RO          129    .text.MX_USART3_UART_Init  usart.o
    0x080053e8   0x080053e8   0x00000002   Code   RO          151    .text.MemManage_Handler  stm32u5xx_it.o
    0x080053ea   0x080053ea   0x00000002   PAD
    0x080053ec   0x080053ec   0x00000002   Code   RO          147    .text.NMI_Handler   stm32u5xx_it.o
    0x080053ee   0x080053ee   0x00000002   PAD
    0x080053f0   0x080053f0   0x00000002   Code   RO          161    .text.PendSV_Handler  stm32u5xx_it.o
    0x080053f2   0x080053f2   0x00000002   PAD
    0x080053f4   0x080053f4   0x000000f2   Code   RO          495    .text.RCCEx_PLL2_Config  stm32u5xx_hal_rcc_ex.o
    0x080054e6   0x080054e6   0x00000002   PAD
    0x080054e8   0x080054e8   0x000000f2   Code   RO          497    .text.RCCEx_PLL3_Config  stm32u5xx_hal_rcc_ex.o
    0x080055da   0x080055da   0x00000002   PAD
    0x080055dc   0x080055dc   0x00000002   Code   RO          157    .text.SVC_Handler   stm32u5xx_it.o
    0x080055de   0x080055de   0x00000002   PAD
    0x080055e0   0x080055e0   0x0000003c   Code   RO           39    .text.Servo_Angle1  servo.o
    0x0800561c   0x0800561c   0x0000003c   Code   RO           41    .text.Servo_Angle2  servo.o
    0x08005658   0x08005658   0x00000038   Code   RO           43    .text.Servo_Angle3  servo.o
    0x08005690   0x08005690   0x00000038   Code   RO           45    .text.Servo_Angle4  servo.o
    0x080056c8   0x080056c8   0x00000036   Code   RO           37    .text.Servo_Init    servo.o
    0x080056fe   0x080056fe   0x00000002   PAD
    0x08005700   0x08005700   0x00000004   Code   RO          163    .text.SysTick_Handler  stm32u5xx_it.o
    0x08005704   0x08005704   0x0000004c   Code   RO         1508    .text.SystemInit    system_stm32u5xx.o
    0x08005750   0x08005750   0x0000027e   Code   RO          938    .text.TIM_Base_SetConfig  stm32u5xx_hal_tim.o
    0x080059ce   0x080059ce   0x00000002   PAD
    0x080059d0   0x080059d0   0x0000016c   Code   RO         1084    .text.TIM_OC1_SetConfig  stm32u5xx_hal_tim.o
    0x08005b3c   0x08005b3c   0x0000012a   Code   RO         1086    .text.TIM_OC2_SetConfig  stm32u5xx_hal_tim.o
    0x08005c66   0x08005c66   0x00000002   PAD
    0x08005c68   0x08005c68   0x0000012a   Code   RO         1088    .text.TIM_OC3_SetConfig  stm32u5xx_hal_tim.o
    0x08005d92   0x08005d92   0x00000002   PAD
    0x08005d94   0x08005d94   0x0000012a   Code   RO         1090    .text.TIM_OC4_SetConfig  stm32u5xx_hal_tim.o
    0x08005ebe   0x08005ebe   0x00000002   PAD
    0x08005ec0   0x08005ec0   0x000000e6   Code   RO         1324    .text.UART_AdvFeatureConfig  stm32u5xx_hal_uart.o
    0x08005fa6   0x08005fa6   0x00000002   PAD
    0x08005fa8   0x08005fa8   0x0000016a   Code   RO         1328    .text.UART_CheckIdleState  stm32u5xx_hal_uart.o
    0x08006112   0x08006112   0x00000002   PAD
    0x08006114   0x08006114   0x0000000c   Code   RO         1406    .text.UART_DMAAbortOnError  stm32u5xx_hal_uart.o
    0x08006120   0x08006120   0x000001da   Code   RO         1366    .text.UART_DMAError  stm32u5xx_hal_uart.o
    0x080062fa   0x080062fa   0x00000002   PAD
    0x080062fc   0x080062fc   0x00000130   Code   RO         1450    .text.UART_DMAReceiveCplt  stm32u5xx_hal_uart.o
    0x0800642c   0x0800642c   0x00000036   Code   RO         1452    .text.UART_DMARxHalfCplt  stm32u5xx_hal_uart.o
    0x08006462   0x08006462   0x00000002   PAD
    0x08006464   0x08006464   0x00000022   Code   RO         1400    .text.UART_DMARxOnlyAbortCallback  stm32u5xx_hal_uart.o
    0x08006486   0x08006486   0x00000002   PAD
    0x08006488   0x08006488   0x0000020a   Code   RO         1326    .text.UART_SetConfig  stm32u5xx_hal_uart.o
    0x08006692   0x08006692   0x00000002   PAD
    0x08006694   0x08006694   0x00000186   Code   RO         1370    .text.UART_Start_Receive_DMA  stm32u5xx_hal_uart.o
    0x0800681a   0x0800681a   0x00000002   PAD
    0x0800681c   0x0800681c   0x00000332   Code   RO         1342    .text.UART_WaitOnFlagUntilTimeout  stm32u5xx_hal_uart.o
    0x08006b4e   0x08006b4e   0x00000002   PAD
    0x08006b50   0x08006b50   0x0000002e   Code   RO          171    .text.USART1_IRQHandler  stm32u5xx_it.o
    0x08006b7e   0x08006b7e   0x00000002   PAD
    0x08006b80   0x08006b80   0x0000002e   Code   RO          173    .text.USART3_IRQHandler  stm32u5xx_it.o
    0x08006bae   0x08006bae   0x00000002   PAD
    0x08006bb0   0x08006bb0   0x00000002   Code   RO          155    .text.UsageFault_Handler  stm32u5xx_it.o
    0x08006bb2   0x08006bb2   0x00000002   PAD
    0x08006bb4   0x08006bb4   0x00000380   Code   RO           59    .text.main          main.o
    0x08006f34   0x08006f34   0x0000008c   Code   RO           15    .text.move0         useservo.o
    0x08006fc0   0x08006fc0   0x00000050   Code   RO           17    .text.move1         useservo.o
    0x08007010   0x08007010   0x00000050   Code   RO           19    .text.move2         useservo.o
    0x08007060   0x08007060   0x00000048   Code   RO           21    .text.move3         useservo.o
    0x080070a8   0x080070a8   0x00000048   Code   RO           23    .text.move4         useservo.o
    0x080070f0   0x080070f0   0x00000070   Code   RO           25    .text.move5         useservo.o
    0x08007160   0x08007160   0x000000a0   Code   RO           27    .text.move6         useservo.o
    0x08007200   0x08007200   0x00000040   Code   RO           11    .text.stop          useservo.o
    0x08007240   0x08007240   0x0000001a   Code   RO         1646    x$fpl$fpinit        fz_wm.l(fpinit.o)
    0x0800725a   0x0800725a   0x00000010   Data   RO         1513    .rodata.AHBPrescTable  system_stm32u5xx.o
    0x0800726a   0x0800726a   0x00000008   Data   RO         1514    .rodata.APBPrescTable  system_stm32u5xx.o
    0x08007272   0x08007272   0x00000002   PAD
    0x08007274   0x08007274   0x00000080   Data   RO          674    .rodata.LPGPIO_Map  stm32u5xx_hal_gpio.o
    0x080072f4   0x080072f4   0x00000040   Data   RO         1515    .rodata.MSIRangeTable  system_stm32u5xx.o
    0x08007334   0x08007334   0x00000018   Data   RO         1454    .rodata.UARTPrescTable  stm32u5xx_hal_uart.o
    0x0800734c   0x0800734c   0x00000010   Data   RO         1499    .rodata.cst8        stm32u5xx_hal_uart_ex.o
    0x0800735c   0x0800735c   0x00000020   Data   RO         1707    Region$$Table       anon$$obj.o


    Execution Region RW_IRAM1 (Exec base: 0x20000000, Load base: 0x08007380, Size: 0x00001128, Max: 0x000c0000, ABSOLUTE)

    Exec Addr    Load Addr    Size         Type   Attr      Idx    E Section Name        Object

    0x20000000   0x08007380   0x00000008   Data   RW          440    .data..L_MergedGlobals  stm32u5xx_hal.o
    0x20000008   0x08007388   0x00000004   Data   RW         1512    .data.SystemCoreClock  system_stm32u5xx.o
    0x2000000c   0x0800738c   0x00000004   Data   RW           29    .data.state         useservo.o
    0x20000010        -       0x00000060   Zero   RW         1572    .bss                c_w.l(libspace.o)
    0x20000070        -       0x00000400   Zero   RW           66    .bss.DataBuff       main.o
    0x20000470        -       0x00000400   Zero   RW           67    .bss.DataBuff3      main.o
    0x20000870        -       0x00000078   Zero   RW          137    .bss.handle_GPDMA1_Channel0  usart.o
    0x200008e8        -       0x00000078   Zero   RW          138    .bss.handle_GPDMA1_Channel1  usart.o
    0x20000960        -       0x0000004c   Zero   RW          118    .bss.htim15         tim.o
    0x200009ac        -       0x0000004c   Zero   RW          117    .bss.htim3          tim.o
    0x200009f8        -       0x00000094   Zero   RW          135    .bss.huart1         usart.o
    0x20000a8c        -       0x00000094   Zero   RW          136    .bss.huart3         usart.o
    0x20000b20        -       0x00000004   Zero   RW          439    .bss.uwTick         stm32u5xx_hal.o
    0x20000b24   0x08007390   0x00000004   PAD
    0x20000b28        -       0x00000200   Zero   RW            2    HEAP                startup_stm32u575xx.o
    0x20000d28        -       0x00000400   Zero   RW            1    STACK               startup_stm32u575xx.o


==============================================================================

Image component sizes


      Code (inc. data)   RO Data    RW Data    ZI Data      Debug   Object Name

        68          0          0          0          0       5074   gpdma.o
       222          0          0          0          0       5686   gpio.o
        34          0          0          0          0        651   icache.o
      1076         80          0          0       2048      10065   main.o
       286         48          0          0          0       5426   servo.o
        68         28        568          0       1536        936   startup_stm32u575xx.o
       338          0          0          8          4      12294   stm32u5xx_hal.o
       362         22          0          0          0      14400   stm32u5xx_hal_cortex.o
      2290          0          0          0          0      11399   stm32u5xx_hal_dma.o
       200          0          0          0          0      43239   stm32u5xx_hal_dma_ex.o
       640          0        128          0          0       7046   stm32u5xx_hal_gpio.o
        52          0          0          0          0       5194   stm32u5xx_hal_icache.o
        32          0          0          0          0       2191   stm32u5xx_hal_msp.o
       284          0          0          0          0      14223   stm32u5xx_hal_pwr_ex.o
      4192         12          0          0          0      16080   stm32u5xx_hal_rcc.o
      5384        308          0          0          0      22248   stm32u5xx_hal_rcc_ex.o
      3280         14          0          0          0      80391   stm32u5xx_hal_tim.o
       586          0          0          0          0      33539   stm32u5xx_hal_tim_ex.o
      5502          0         24          0          0      39976   stm32u5xx_hal_uart.o
       486          0         16          0          0      12753   stm32u5xx_hal_uart_ex.o
       144          0          0          0          0       6016   stm32u5xx_it.o
        76          0         88          4          0       4388   system_stm32u5xx.o
       734          0          0          0        152      10256   tim.o
       710          0          0          0        536      12033   usart.o
       780         72          0          4          0       1864   useservo.o

    ----------------------------------------------------------------------
     27948        584        858         16       4280     377368   Object Totals
         0          0         32          0          0          0   (incl. Generated)
       122          0          2          0          4          0   (incl. Padding)

    ----------------------------------------------------------------------

      Code (inc. data)   RO Data    RW Data    ZI Data      Debug   Library Member Name

         8          0          0          0          0         68   __main.o
         0          0          0          0          0          0   __rtentry.o
        12          0          0          0          0          0   __rtentry2.o
         6          0          0          0          0          0   __rtentry4.o
        94          8          0          0          0          0   __scatter.o
        26          0          0          0          0          0   __scatter_copy.o
        28          0          0          0          0          0   __scatter_zi.o
        18          0          0          0          0         80   exit.o
         6          0          0          0          0        152   heapauxi.o
         0          0          0          0          0          0   indicate_semi.o
         2          0          0          0          0          0   libinit.o
         6          0          0          0          0          0   libinit2.o
         2          0          0          0          0          0   libshutdown.o
         2          0          0          0          0          0   libshutdown2.o
         8          4          0          0         96         68   libspace.o
       240          0          0          0          0        100   lludivv7m.o
        88          0          0          0          0         76   memcmp.o
        78          0          0          0          0         80   rt_memclr_w.o
         2          0          0          0          0          0   rtexit.o
        10          0          0          0          0          0   rtexit2.o
        12          4          0          0          0         68   sys_exit.o
        74          0          0          0          0         80   sys_stackheap_outer.o
         2          0          0          0          0         68   use_no_semi.o
        26          0          0          0          0        116   fpinit.o

    ----------------------------------------------------------------------
       758         16          0          0         96        956   Library Totals
         8          0          0          0          0          0   (incl. Padding)

    ----------------------------------------------------------------------

      Code (inc. data)   RO Data    RW Data    ZI Data      Debug   Library Name

       724         16          0          0         96        840   c_w.l
        26          0          0          0          0        116   fz_wm.l

    ----------------------------------------------------------------------
       758         16          0          0         96        956   Library Totals

    ----------------------------------------------------------------------

==============================================================================


      Code (inc. data)   RO Data    RW Data    ZI Data      Debug   

     28706        600        858         16       4376     377620   Grand Totals
     28706        600        858         16       4376     377620   ELF Image Totals
     28706        600        858         16          0          0   ROM Totals

==============================================================================

    Total RO  Size (Code + RO Data)                29564 (  28.87kB)
    Total RW  Size (RW Data + ZI Data)              4392 (   4.29kB)
    Total ROM Size (Code + RO Data + RW Data)      29580 (  28.89kB)

==============================================================================

